pybullet build time: Jan 29 2025 23:20:52
pybullet build time: Jan 29 2025 23:20:52
/home/xi/anaconda3/envs/torch39/lib/python3.9/site-packages/gymnasium/envs/registration.py:694: UserWarning: [33mWARN: Overriding environment PandaPush-v3 already in registry.[0m
  logger.warn(f"Overriding environment {new_spec.id} already in registry.")
/home/xi/anaconda3/envs/torch39/lib/python3.9/site-packages/gymnasium/envs/registration.py:694: UserWarning: [33mWARN: Overriding environment PandaPickAndPlace-v3 already in registry.[0m
  logger.warn(f"Overriding environment {new_spec.id} already in registry.")
/home/xi/anaconda3/envs/torch39/lib/python3.9/site-packages/gymnasium/envs/registration.py:694: UserWarning: [33mWARN: Overriding environment PandaPush-v3 already in registry.[0m
  logger.warn(f"Overriding environment {new_spec.id} already in registry.")
/home/xi/anaconda3/envs/torch39/lib/python3.9/site-packages/gymnasium/envs/registration.py:694: UserWarning: [33mWARN: Overriding environment PandaPickAndPlace-v3 already in registry.[0m
  logger.warn(f"Overriding environment {new_spec.id} already in registry.")
pybullet build time: Jan 29 2025 23:20:52
/home/xi/anaconda3/envs/torch39/lib/python3.9/site-packages/gymnasium/envs/registration.py:694: UserWarning: [33mWARN: Overriding environment PandaPush-v3 already in registry.[0m
  logger.warn(f"Overriding environment {new_spec.id} already in registry.")
/home/xi/anaconda3/envs/torch39/lib/python3.9/site-packages/gymnasium/envs/registration.py:694: UserWarning: [33mWARN: Overriding environment PandaPickAndPlace-v3 already in registry.[0m
  logger.warn(f"Overriding environment {new_spec.id} already in registry.")
pybullet build time: Jan 29 2025 23:20:52
/home/xi/anaconda3/envs/torch39/lib/python3.9/site-packages/gymnasium/envs/registration.py:694: UserWarning: [33mWARN: Overriding environment PandaPush-v3 already in registry.[0m
  logger.warn(f"Overriding environment {new_spec.id} already in registry.")
/home/xi/anaconda3/envs/torch39/lib/python3.9/site-packages/gymnasium/envs/registration.py:694: UserWarning: [33mWARN: Overriding environment PandaPickAndPlace-v3 already in registry.[0m
  logger.warn(f"Overriding environment {new_spec.id} already in registry.")
/home/xi/anaconda3/envs/torch39/lib/python3.9/site-packages/gymnasium/core.py:311: UserWarning: [33mWARN: env.task to get variables from other wrappers is deprecated and will be removed in v1.0, to get this variable you can do `env.unwrapped.task` for environment variables or `env.get_wrapper_attr('task')` that will search the reminding wrappers.[0m
  logger.warn(
/home/xi/anaconda3/envs/torch39/lib/python3.9/site-packages/gymnasium/core.py:311: UserWarning: [33mWARN: env.set_obs_friction_mass to get variables from other wrappers is deprecated and will be removed in v1.0, to get this variable you can do `env.unwrapped.set_obs_friction_mass` for environment variables or `env.get_wrapper_attr('set_obs_friction_mass')` that will search the reminding wrappers.[0m
  logger.warn(
/home/xi/anaconda3/envs/torch39/lib/python3.9/site-packages/gymnasium/utils/passive_env_checker.py:135: UserWarning: [33mWARN: The obs returned by the `reset()` method was expecting numpy array dtype to be float32, actual type: float64[0m
  logger.warn(
/home/xi/anaconda3/envs/torch39/lib/python3.9/site-packages/gymnasium/utils/passive_env_checker.py:159: UserWarning: [33mWARN: The obs returned by the `reset()` method is not within the observation space.[0m
  logger.warn(f"{pre} is not within the observation space.")
/home/xi/anaconda3/envs/torch39/lib/python3.9/site-packages/gymnasium/core.py:311: UserWarning: [33mWARN: env.task to get variables from other wrappers is deprecated and will be removed in v1.0, to get this variable you can do `env.unwrapped.task` for environment variables or `env.get_wrapper_attr('task')` that will search the reminding wrappers.[0m
  logger.warn(
/home/xi/anaconda3/envs/torch39/lib/python3.9/site-packages/gymnasium/core.py:311: UserWarning: [33mWARN: env.set_obs_friction_mass to get variables from other wrappers is deprecated and will be removed in v1.0, to get this variable you can do `env.unwrapped.set_obs_friction_mass` for environment variables or `env.get_wrapper_attr('set_obs_friction_mass')` that will search the reminding wrappers.[0m
  logger.warn(
/home/xi/anaconda3/envs/torch39/lib/python3.9/site-packages/gymnasium/utils/passive_env_checker.py:135: UserWarning: [33mWARN: The obs returned by the `reset()` method was expecting numpy array dtype to be float32, actual type: float64[0m
  logger.warn(
/home/xi/anaconda3/envs/torch39/lib/python3.9/site-packages/gymnasium/utils/passive_env_checker.py:159: UserWarning: [33mWARN: The obs returned by the `reset()` method is not within the observation space.[0m
  logger.warn(f"{pre} is not within the observation space.")
/home/xi/anaconda3/envs/torch39/lib/python3.9/site-packages/gymnasium/core.py:311: UserWarning: [33mWARN: env.task to get variables from other wrappers is deprecated and will be removed in v1.0, to get this variable you can do `env.unwrapped.task` for environment variables or `env.get_wrapper_attr('task')` that will search the reminding wrappers.[0m
  logger.warn(
/home/xi/anaconda3/envs/torch39/lib/python3.9/site-packages/gymnasium/core.py:311: UserWarning: [33mWARN: env.set_obs_friction_mass to get variables from other wrappers is deprecated and will be removed in v1.0, to get this variable you can do `env.unwrapped.set_obs_friction_mass` for environment variables or `env.get_wrapper_attr('set_obs_friction_mass')` that will search the reminding wrappers.[0m
  logger.warn(
/home/xi/anaconda3/envs/torch39/lib/python3.9/site-packages/gymnasium/utils/passive_env_checker.py:135: UserWarning: [33mWARN: The obs returned by the `reset()` method was expecting numpy array dtype to be float32, actual type: float64[0m
  logger.warn(
/home/xi/anaconda3/envs/torch39/lib/python3.9/site-packages/gymnasium/utils/passive_env_checker.py:159: UserWarning: [33mWARN: The obs returned by the `reset()` method is not within the observation space.[0m
  logger.warn(f"{pre} is not within the observation space.")
/home/xi/anaconda3/envs/torch39/lib/python3.9/site-packages/gymnasium/core.py:311: UserWarning: [33mWARN: env.task to get variables from other wrappers is deprecated and will be removed in v1.0, to get this variable you can do `env.unwrapped.task` for environment variables or `env.get_wrapper_attr('task')` that will search the reminding wrappers.[0m
  logger.warn(
/home/xi/anaconda3/envs/torch39/lib/python3.9/site-packages/gymnasium/core.py:311: UserWarning: [33mWARN: env.set_obs_friction_mass to get variables from other wrappers is deprecated and will be removed in v1.0, to get this variable you can do `env.unwrapped.set_obs_friction_mass` for environment variables or `env.get_wrapper_attr('set_obs_friction_mass')` that will search the reminding wrappers.[0m
  logger.warn(
/home/xi/anaconda3/envs/torch39/lib/python3.9/site-packages/gymnasium/utils/passive_env_checker.py:135: UserWarning: [33mWARN: The obs returned by the `reset()` method was expecting numpy array dtype to be float32, actual type: float64[0m
  logger.warn(
/home/xi/anaconda3/envs/torch39/lib/python3.9/site-packages/gymnasium/utils/passive_env_checker.py:159: UserWarning: [33mWARN: The obs returned by the `reset()` method is not within the observation space.[0m
  logger.warn(f"{pre} is not within the observation space.")
/home/xi/anaconda3/envs/torch39/lib/python3.9/site-packages/gymnasium/utils/passive_env_checker.py:135: UserWarning: [33mWARN: The obs returned by the `step()` method was expecting numpy array dtype to be float32, actual type: float64[0m
  logger.warn(
/home/xi/anaconda3/envs/torch39/lib/python3.9/site-packages/gymnasium/utils/passive_env_checker.py:135: UserWarning: [33mWARN: The obs returned by the `step()` method was expecting numpy array dtype to be float32, actual type: float64[0m
  logger.warn(
/home/xi/anaconda3/envs/torch39/lib/python3.9/site-packages/gymnasium/utils/passive_env_checker.py:159: UserWarning: [33mWARN: The obs returned by the `step()` method is not within the observation space.[0m
  logger.warn(f"{pre} is not within the observation space.")
/home/xi/anaconda3/envs/torch39/lib/python3.9/site-packages/gymnasium/utils/passive_env_checker.py:159: UserWarning: [33mWARN: The obs returned by the `step()` method is not within the observation space.[0m
  logger.warn(f"{pre} is not within the observation space.")
/home/xi/anaconda3/envs/torch39/lib/python3.9/site-packages/gymnasium/utils/passive_env_checker.py:135: UserWarning: [33mWARN: The obs returned by the `step()` method was expecting numpy array dtype to be float32, actual type: float64[0m
  logger.warn(
/home/xi/anaconda3/envs/torch39/lib/python3.9/site-packages/gymnasium/utils/passive_env_checker.py:159: UserWarning: [33mWARN: The obs returned by the `step()` method is not within the observation space.[0m
  logger.warn(f"{pre} is not within the observation space.")
/home/xi/anaconda3/envs/torch39/lib/python3.9/site-packages/gymnasium/utils/passive_env_checker.py:135: UserWarning: [33mWARN: The obs returned by the `step()` method was expecting numpy array dtype to be float32, actual type: float64[0m
  logger.warn(
/home/xi/anaconda3/envs/torch39/lib/python3.9/site-packages/gymnasium/utils/passive_env_checker.py:159: UserWarning: [33mWARN: The obs returned by the `step()` method is not within the observation space.[0m
  logger.warn(f"{pre} is not within the observation space.")
0it [00:00, ?it/s]/home/xi/anaconda3/envs/torch39/lib/python3.9/site-packages/gymnasium/core.py:311: UserWarning: [33mWARN: env.task to get variables from other wrappers is deprecated and will be removed in v1.0, to get this variable you can do `env.unwrapped.task` for environment variables or `env.get_wrapper_attr('task')` that will search the reminding wrappers.[0m
  logger.warn(
/home/xi/anaconda3/envs/torch39/lib/python3.9/site-packages/gymnasium/core.py:311: UserWarning: [33mWARN: env.set_obs_friction_mass to get variables from other wrappers is deprecated and will be removed in v1.0, to get this variable you can do `env.unwrapped.set_obs_friction_mass` for environment variables or `env.get_wrapper_attr('set_obs_friction_mass')` that will search the reminding wrappers.[0m
  logger.warn(
/home/xi/anaconda3/envs/torch39/lib/python3.9/site-packages/gymnasium/utils/passive_env_checker.py:135: UserWarning: [33mWARN: The obs returned by the `reset()` method was expecting numpy array dtype to be float32, actual type: float64[0m
  logger.warn(
/home/xi/anaconda3/envs/torch39/lib/python3.9/site-packages/gymnasium/utils/passive_env_checker.py:159: UserWarning: [33mWARN: The obs returned by the `reset()` method is not within the observation space.[0m
  logger.warn(f"{pre} is not within the observation space.")
/home/xi/anaconda3/envs/torch39/lib/python3.9/site-packages/gymnasium/utils/passive_env_checker.py:135: UserWarning: [33mWARN: The obs returned by the `step()` method was expecting numpy array dtype to be float32, actual type: float64[0m
  logger.warn(
/home/xi/anaconda3/envs/torch39/lib/python3.9/site-packages/gymnasium/utils/passive_env_checker.py:159: UserWarning: [33mWARN: The obs returned by the `step()` method is not within the observation space.[0m
  logger.warn(f"{pre} is not within the observation space.")
1it [01:09, 69.43s/it]2it [02:10, 64.73s/it]3it [04:10, 89.83s/it]4it [06:35, 111.44s/it]4it [06:35, 98.78s/it] 
{'model_parameters': {'method': 'SaSAC', 'adversarial_loss_coef': 0.01, 'batch_size': 256, 'contrast_batch_size': 256, 'contrast_buffer_type': 'fine_grained', 'contrast_training_interval': 1, 'time_step': 5000000, 'causal_dim': 6, 'causal_hidden_dim': 128, 'buffer_size': 1000, 'use_weighted_info_nce': False, 'use_reward_norm': False, 'learning_rate': 0.001, 'train_freq': 128, 'gradient_steps': 16, 'encoder_tau': 0.05, 'neg_radio': 0.5, 'env_name': 'PandaPush-v3', 'env_hook': 'PandaHook', 'train_envs': '[(0, 1), (0, 5), (1, 1),(1, 5),(1, 10),(1, 2),(1, 3), (1, 1)]', 'test_envs': '[(0, 10), (1, 10), (10, 10), (30, 10)]', 'use_continue_train': False, 'save_video': False, 'seed': 100, 'config_path': '', 'test_eps_num_per_env': 50, 'use_wandb': False, 'wandb_project_name': 'skill-aware-rl', 'wandb_team_name': 'skill-aware-rl'}, 'save_path': '/home/xi/yxh_space/SaMI/SaMI/output', 'sub_save_path': '/home/xi/yxh_space/SaMI/SaMI/output/2025-04-09-10:52:41-641537', 'save_model_path': '/home/xi/yxh_space/SaMI/SaMI/output/2025-04-09-10:52:41-641537/model.zip', 'log_path': '/home/xi/yxh_space/SaMI/SaMI/output/2025-04-09-10:52:41-641537/log.txt', 'code_path': '/home/xi/yxh_space/SaMI/SaMI/output/2025-04-09-10:52:41-641537/code.zip', 'config_path': '/home/xi/yxh_space/SaMI/SaMI/output/2025-04-09-10:52:41-641537/config.yaml', 'test_path': '/home/xi/yxh_space/SaMI/SaMI/output/2025-04-09-10:52:41-641537/test_result.yaml', 'test_tsne_path': '/home/xi/yxh_space/SaMI/SaMI/output/2025-04-09-10:52:41-641537/tsne.jpg', 'test_table_path': '/home/xi/yxh_space/SaMI/SaMI/output/2025-04-09-10:52:41-641537/tables', 'test_image_path': '/home/xi/yxh_space/SaMI/SaMI/output/2025-04-09-10:52:41-641537/images', 'test_video_path': '/home/xi/yxh_space/SaMI/SaMI/output/2025-04-09-10:52:41-641537/videos'}
argv[0]=--background_color_red=0.8745098114013672
argv[1]=--background_color_green=0.21176470816135406
argv[2]=--background_color_blue=0.1764705926179886
argv[0]=--background_color_red=0.8745098114013672
argv[1]=--background_color_green=0.21176470816135406
argv[2]=--background_color_blue=0.1764705926179886
argv[0]=--background_color_red=0.8745098114013672
argv[1]=--background_color_green=0.21176470816135406
argv[2]=--background_color_blue=0.1764705926179886
argv[0]=--background_color_red=0.8745098114013672
argv[1]=--background_color_green=0.21176470816135406
argv[2]=--background_color_blue=0.1764705926179886
argv[0]=--background_color_red=0.8745098114013672
argv[1]=--background_color_green=0.21176470816135406
argv[2]=--background_color_blue=0.1764705926179886
argv[0]=--background_color_red=0.8745098114013672
argv[1]=--background_color_green=0.21176470816135406
argv[2]=--background_color_blue=0.1764705926179886
argv[0]=--background_color_red=0.8745098114013672
argv[1]=--background_color_green=0.21176470816135406
argv[2]=--background_color_blue=0.1764705926179886
argv[0]=--background_color_red=0.8745098114013672
argv[1]=--background_color_green=0.21176470816135406
argv[2]=--background_color_blue=0.1764705926179886
argv[0]=--background_color_red=0.8745098114013672
argv[1]=--background_color_green=0.21176470816135406
argv[2]=--background_color_blue=0.1764705926179886
argv[0]=--background_color_red=0.8745098114013672
argv[1]=--background_color_green=0.21176470816135406
argv[2]=--background_color_blue=0.1764705926179886
argv[0]=--background_color_red=0.8745098114013672
argv[1]=--background_color_green=0.21176470816135406
argv[2]=--background_color_blue=0.1764705926179886
argv[0]=--background_color_red=0.8745098114013672
argv[1]=--background_color_green=0.21176470816135406
argv[2]=--background_color_blue=0.1764705926179886
0it [00:00, ?it/s]/home/xi/anaconda3/envs/torch39/lib/python3.9/site-packages/gymnasium/core.py:311: UserWarning: [33mWARN: env.task to get variables from other wrappers is deprecated and will be removed in v1.0, to get this variable you can do `env.unwrapped.task` for environment variables or `env.get_wrapper_attr('task')` that will search the reminding wrappers.[0m
  logger.warn(
/home/xi/anaconda3/envs/torch39/lib/python3.9/site-packages/gymnasium/core.py:311: UserWarning: [33mWARN: env.set_obs_friction_mass to get variables from other wrappers is deprecated and will be removed in v1.0, to get this variable you can do `env.unwrapped.set_obs_friction_mass` for environment variables or `env.get_wrapper_attr('set_obs_friction_mass')` that will search the reminding wrappers.[0m
  logger.warn(
/home/xi/anaconda3/envs/torch39/lib/python3.9/site-packages/gymnasium/utils/passive_env_checker.py:135: UserWarning: [33mWARN: The obs returned by the `reset()` method was expecting numpy array dtype to be float32, actual type: float64[0m
  logger.warn(
/home/xi/anaconda3/envs/torch39/lib/python3.9/site-packages/gymnasium/utils/passive_env_checker.py:159: UserWarning: [33mWARN: The obs returned by the `reset()` method is not within the observation space.[0m
  logger.warn(f"{pre} is not within the observation space.")
/home/xi/anaconda3/envs/torch39/lib/python3.9/site-packages/gymnasium/utils/passive_env_checker.py:135: UserWarning: [33mWARN: The obs returned by the `step()` method was expecting numpy array dtype to be float32, actual type: float64[0m
  logger.warn(
/home/xi/anaconda3/envs/torch39/lib/python3.9/site-packages/gymnasium/utils/passive_env_checker.py:159: UserWarning: [33mWARN: The obs returned by the `step()` method is not within the observation space.[0m
  logger.warn(f"{pre} is not within the observation space.")
1it [00:55, 55.24s/it]2it [02:44, 86.94s/it]3it [06:03, 138.09s/it]4it [08:49, 149.23s/it]4it [08:49, 132.41s/it]
{'model_parameters': {'method': 'SaCCM', 'adversarial_loss_coef': 0.01, 'batch_size': 256, 'contrast_batch_size': 256, 'contrast_buffer_type': 'fine_grained', 'contrast_training_interval': 1, 'time_step': 5000000, 'causal_dim': 6, 'causal_hidden_dim': 128, 'buffer_size': 1000, 'use_weighted_info_nce': False, 'use_reward_norm': False, 'learning_rate': 0.001, 'train_freq': 128, 'gradient_steps': 16, 'encoder_tau': 0.05, 'neg_radio': 0.5, 'env_name': 'PandaPush-v3', 'env_hook': 'PandaHook', 'train_envs': '[(0, 1), (0, 5), (1, 1),(1, 5),(1, 10),(1, 2),(1, 3), (1, 1)]', 'test_envs': '[(0, 10), (1, 10), (10, 10), (30, 10)]', 'use_continue_train': False, 'save_video': False, 'seed': 100, 'config_path': '', 'test_eps_num_per_env': 50, 'use_wandb': False, 'wandb_project_name': 'skill-aware-rl', 'wandb_team_name': 'skill-aware-rl'}, 'save_path': '/home/xi/yxh_space/SaMI/SaMI/output', 'sub_save_path': '/home/xi/yxh_space/SaMI/SaMI/output/2025-04-09-10:52:41-770771', 'save_model_path': '/home/xi/yxh_space/SaMI/SaMI/output/2025-04-09-10:52:41-770771/model.zip', 'log_path': '/home/xi/yxh_space/SaMI/SaMI/output/2025-04-09-10:52:41-770771/log.txt', 'code_path': '/home/xi/yxh_space/SaMI/SaMI/output/2025-04-09-10:52:41-770771/code.zip', 'config_path': '/home/xi/yxh_space/SaMI/SaMI/output/2025-04-09-10:52:41-770771/config.yaml', 'test_path': '/home/xi/yxh_space/SaMI/SaMI/output/2025-04-09-10:52:41-770771/test_result.yaml', 'test_tsne_path': '/home/xi/yxh_space/SaMI/SaMI/output/2025-04-09-10:52:41-770771/tsne.jpg', 'test_table_path': '/home/xi/yxh_space/SaMI/SaMI/output/2025-04-09-10:52:41-770771/tables', 'test_image_path': '/home/xi/yxh_space/SaMI/SaMI/output/2025-04-09-10:52:41-770771/images', 'test_video_path': '/home/xi/yxh_space/SaMI/SaMI/output/2025-04-09-10:52:41-770771/videos'}
argv[0]=--background_color_red=0.8745098114013672
argv[1]=--background_color_green=0.21176470816135406
argv[2]=--background_color_blue=0.1764705926179886
argv[0]=--background_color_red=0.8745098114013672
argv[1]=--background_color_green=0.21176470816135406
argv[2]=--background_color_blue=0.1764705926179886
argv[0]=--background_color_red=0.8745098114013672
argv[1]=--background_color_green=0.21176470816135406
argv[2]=--background_color_blue=0.1764705926179886
argv[0]=--background_color_red=0.8745098114013672
argv[1]=--background_color_green=0.21176470816135406
argv[2]=--background_color_blue=0.1764705926179886
argv[0]=--background_color_red=0.8745098114013672
argv[1]=--background_color_green=0.21176470816135406
argv[2]=--background_color_blue=0.1764705926179886
argv[0]=--background_color_red=0.8745098114013672
argv[1]=--background_color_green=0.21176470816135406
argv[2]=--background_color_blue=0.1764705926179886
argv[0]=--background_color_red=0.8745098114013672
argv[1]=--background_color_green=0.21176470816135406
argv[2]=--background_color_blue=0.1764705926179886
argv[0]=--background_color_red=0.8745098114013672
argv[1]=--background_color_green=0.21176470816135406
argv[2]=--background_color_blue=0.1764705926179886
argv[0]=--background_color_red=0.8745098114013672
argv[1]=--background_color_green=0.21176470816135406
argv[2]=--background_color_blue=0.1764705926179886
argv[0]=--background_color_red=0.8745098114013672
argv[1]=--background_color_green=0.21176470816135406
argv[2]=--background_color_blue=0.1764705926179886
argv[0]=--background_color_red=0.8745098114013672
argv[1]=--background_color_green=0.21176470816135406
argv[2]=--background_color_blue=0.1764705926179886
argv[0]=--background_color_red=0.8745098114013672
argv[1]=--background_color_green=0.21176470816135406
argv[2]=--background_color_blue=0.1764705926179886
pybullet build time: Jan 29 2025 23:16:28
/home/xi/anaconda3/envs/franky-sami/lib/python3.10/site-packages/gymnasium/envs/registration.py:694: UserWarning: [33mWARN: Overriding environment PandaPush-v3 already in registry.[0m
  logger.warn(f"Overriding environment {new_spec.id} already in registry.")
/home/xi/anaconda3/envs/franky-sami/lib/python3.10/site-packages/gymnasium/envs/registration.py:694: UserWarning: [33mWARN: Overriding environment PandaPickAndPlace-v3 already in registry.[0m
  logger.warn(f"Overriding environment {new_spec.id} already in registry.")
pybullet build time: Jan 29 2025 23:16:28
/home/xi/anaconda3/envs/franky-sami/lib/python3.10/site-packages/gymnasium/envs/registration.py:694: UserWarning: [33mWARN: Overriding environment PandaPush-v3 already in registry.[0m
  logger.warn(f"Overriding environment {new_spec.id} already in registry.")
/home/xi/anaconda3/envs/franky-sami/lib/python3.10/site-packages/gymnasium/envs/registration.py:694: UserWarning: [33mWARN: Overriding environment PandaPickAndPlace-v3 already in registry.[0m
  logger.warn(f"Overriding environment {new_spec.id} already in registry.")
pybullet build time: Jan 29 2025 23:16:28
pybullet build time: Jan 29 2025 23:16:28
/home/xi/anaconda3/envs/franky-sami/lib/python3.10/site-packages/gymnasium/envs/registration.py:694: UserWarning: [33mWARN: Overriding environment PandaPush-v3 already in registry.[0m
  logger.warn(f"Overriding environment {new_spec.id} already in registry.")
/home/xi/anaconda3/envs/franky-sami/lib/python3.10/site-packages/gymnasium/envs/registration.py:694: UserWarning: [33mWARN: Overriding environment PandaPush-v3 already in registry.[0m
  logger.warn(f"Overriding environment {new_spec.id} already in registry.")
/home/xi/anaconda3/envs/franky-sami/lib/python3.10/site-packages/gymnasium/envs/registration.py:694: UserWarning: [33mWARN: Overriding environment PandaPickAndPlace-v3 already in registry.[0m
  logger.warn(f"Overriding environment {new_spec.id} already in registry.")
/home/xi/anaconda3/envs/franky-sami/lib/python3.10/site-packages/gymnasium/envs/registration.py:694: UserWarning: [33mWARN: Overriding environment PandaPickAndPlace-v3 already in registry.[0m
  logger.warn(f"Overriding environment {new_spec.id} already in registry.")
/home/xi/anaconda3/envs/franky-sami/lib/python3.10/site-packages/gymnasium/core.py:311: UserWarning: [33mWARN: env.task to get variables from other wrappers is deprecated and will be removed in v1.0, to get this variable you can do `env.unwrapped.task` for environment variables or `env.get_wrapper_attr('task')` that will search the reminding wrappers.[0m
  logger.warn(
/home/xi/anaconda3/envs/franky-sami/lib/python3.10/site-packages/gymnasium/core.py:311: UserWarning: [33mWARN: env.set_obs_friction_mass to get variables from other wrappers is deprecated and will be removed in v1.0, to get this variable you can do `env.unwrapped.set_obs_friction_mass` for environment variables or `env.get_wrapper_attr('set_obs_friction_mass')` that will search the reminding wrappers.[0m
  logger.warn(
/home/xi/anaconda3/envs/franky-sami/lib/python3.10/site-packages/gymnasium/utils/passive_env_checker.py:135: UserWarning: [33mWARN: The obs returned by the `reset()` method was expecting numpy array dtype to be float32, actual type: float64[0m
  logger.warn(
/home/xi/anaconda3/envs/franky-sami/lib/python3.10/site-packages/gymnasium/utils/passive_env_checker.py:159: UserWarning: [33mWARN: The obs returned by the `reset()` method is not within the observation space.[0m
  logger.warn(f"{pre} is not within the observation space.")
/home/xi/anaconda3/envs/franky-sami/lib/python3.10/site-packages/gymnasium/core.py:311: UserWarning: [33mWARN: env.task to get variables from other wrappers is deprecated and will be removed in v1.0, to get this variable you can do `env.unwrapped.task` for environment variables or `env.get_wrapper_attr('task')` that will search the reminding wrappers.[0m
  logger.warn(
/home/xi/anaconda3/envs/franky-sami/lib/python3.10/site-packages/gymnasium/core.py:311: UserWarning: [33mWARN: env.set_obs_friction_mass to get variables from other wrappers is deprecated and will be removed in v1.0, to get this variable you can do `env.unwrapped.set_obs_friction_mass` for environment variables or `env.get_wrapper_attr('set_obs_friction_mass')` that will search the reminding wrappers.[0m
  logger.warn(
/home/xi/anaconda3/envs/franky-sami/lib/python3.10/site-packages/gymnasium/utils/passive_env_checker.py:135: UserWarning: [33mWARN: The obs returned by the `reset()` method was expecting numpy array dtype to be float32, actual type: float64[0m
  logger.warn(
/home/xi/anaconda3/envs/franky-sami/lib/python3.10/site-packages/gymnasium/utils/passive_env_checker.py:159: UserWarning: [33mWARN: The obs returned by the `reset()` method is not within the observation space.[0m
  logger.warn(f"{pre} is not within the observation space.")
/home/xi/anaconda3/envs/franky-sami/lib/python3.10/site-packages/gymnasium/core.py:311: UserWarning: [33mWARN: env.task to get variables from other wrappers is deprecated and will be removed in v1.0, to get this variable you can do `env.unwrapped.task` for environment variables or `env.get_wrapper_attr('task')` that will search the reminding wrappers.[0m
  logger.warn(
/home/xi/anaconda3/envs/franky-sami/lib/python3.10/site-packages/gymnasium/core.py:311: UserWarning: [33mWARN: env.set_obs_friction_mass to get variables from other wrappers is deprecated and will be removed in v1.0, to get this variable you can do `env.unwrapped.set_obs_friction_mass` for environment variables or `env.get_wrapper_attr('set_obs_friction_mass')` that will search the reminding wrappers.[0m
  logger.warn(
/home/xi/anaconda3/envs/franky-sami/lib/python3.10/site-packages/gymnasium/core.py:311: UserWarning: [33mWARN: env.task to get variables from other wrappers is deprecated and will be removed in v1.0, to get this variable you can do `env.unwrapped.task` for environment variables or `env.get_wrapper_attr('task')` that will search the reminding wrappers.[0m
  logger.warn(
/home/xi/anaconda3/envs/franky-sami/lib/python3.10/site-packages/gymnasium/core.py:311: UserWarning: [33mWARN: env.set_obs_friction_mass to get variables from other wrappers is deprecated and will be removed in v1.0, to get this variable you can do `env.unwrapped.set_obs_friction_mass` for environment variables or `env.get_wrapper_attr('set_obs_friction_mass')` that will search the reminding wrappers.[0m
  logger.warn(
/home/xi/anaconda3/envs/franky-sami/lib/python3.10/site-packages/gymnasium/utils/passive_env_checker.py:135: UserWarning: [33mWARN: The obs returned by the `reset()` method was expecting numpy array dtype to be float32, actual type: float64[0m
  logger.warn(
/home/xi/anaconda3/envs/franky-sami/lib/python3.10/site-packages/gymnasium/utils/passive_env_checker.py:159: UserWarning: [33mWARN: The obs returned by the `reset()` method is not within the observation space.[0m
  logger.warn(f"{pre} is not within the observation space.")
/home/xi/anaconda3/envs/franky-sami/lib/python3.10/site-packages/gymnasium/utils/passive_env_checker.py:135: UserWarning: [33mWARN: The obs returned by the `reset()` method was expecting numpy array dtype to be float32, actual type: float64[0m
  logger.warn(
/home/xi/anaconda3/envs/franky-sami/lib/python3.10/site-packages/gymnasium/utils/passive_env_checker.py:159: UserWarning: [33mWARN: The obs returned by the `reset()` method is not within the observation space.[0m
  logger.warn(f"{pre} is not within the observation space.")
/home/xi/anaconda3/envs/franky-sami/lib/python3.10/site-packages/gymnasium/utils/passive_env_checker.py:135: UserWarning: [33mWARN: The obs returned by the `step()` method was expecting numpy array dtype to be float32, actual type: float64[0m
  logger.warn(
/home/xi/anaconda3/envs/franky-sami/lib/python3.10/site-packages/gymnasium/utils/passive_env_checker.py:159: UserWarning: [33mWARN: The obs returned by the `step()` method is not within the observation space.[0m
  logger.warn(f"{pre} is not within the observation space.")
/home/xi/anaconda3/envs/franky-sami/lib/python3.10/site-packages/gymnasium/utils/passive_env_checker.py:135: UserWarning: [33mWARN: The obs returned by the `step()` method was expecting numpy array dtype to be float32, actual type: float64[0m
  logger.warn(
/home/xi/anaconda3/envs/franky-sami/lib/python3.10/site-packages/gymnasium/utils/passive_env_checker.py:159: UserWarning: [33mWARN: The obs returned by the `step()` method is not within the observation space.[0m
  logger.warn(f"{pre} is not within the observation space.")
/home/xi/anaconda3/envs/franky-sami/lib/python3.10/site-packages/gymnasium/utils/passive_env_checker.py:135: UserWarning: [33mWARN: The obs returned by the `step()` method was expecting numpy array dtype to be float32, actual type: float64[0m
  logger.warn(
/home/xi/anaconda3/envs/franky-sami/lib/python3.10/site-packages/gymnasium/utils/passive_env_checker.py:159: UserWarning: [33mWARN: The obs returned by the `step()` method is not within the observation space.[0m
  logger.warn(f"{pre} is not within the observation space.")
/home/xi/anaconda3/envs/franky-sami/lib/python3.10/site-packages/gymnasium/utils/passive_env_checker.py:135: UserWarning: [33mWARN: The obs returned by the `step()` method was expecting numpy array dtype to be float32, actual type: float64[0m
  logger.warn(
/home/xi/anaconda3/envs/franky-sami/lib/python3.10/site-packages/gymnasium/utils/passive_env_checker.py:159: UserWarning: [33mWARN: The obs returned by the `step()` method is not within the observation space.[0m
  logger.warn(f"{pre} is not within the observation space.")
pybullet build time: Jan 29 2025 23:16:28
pybullet build time: Jan 29 2025 23:16:28
/home/xi/anaconda3/envs/franky-sami/lib/python3.10/site-packages/gymnasium/envs/registration.py:694: UserWarning: [33mWARN: Overriding environment PandaPush-v3 already in registry.[0m
  logger.warn(f"Overriding environment {new_spec.id} already in registry.")
/home/xi/anaconda3/envs/franky-sami/lib/python3.10/site-packages/gymnasium/envs/registration.py:694: UserWarning: [33mWARN: Overriding environment PandaPickAndPlace-v3 already in registry.[0m
  logger.warn(f"Overriding environment {new_spec.id} already in registry.")
/home/xi/anaconda3/envs/franky-sami/lib/python3.10/site-packages/gymnasium/envs/registration.py:694: UserWarning: [33mWARN: Overriding environment PandaPush-v3 already in registry.[0m
  logger.warn(f"Overriding environment {new_spec.id} already in registry.")
/home/xi/anaconda3/envs/franky-sami/lib/python3.10/site-packages/gymnasium/envs/registration.py:694: UserWarning: [33mWARN: Overriding environment PandaPickAndPlace-v3 already in registry.[0m
  logger.warn(f"Overriding environment {new_spec.id} already in registry.")
pybullet build time: Jan 29 2025 23:16:28
pybullet build time: Jan 29 2025 23:16:28
/home/xi/anaconda3/envs/franky-sami/lib/python3.10/site-packages/gymnasium/envs/registration.py:694: UserWarning: [33mWARN: Overriding environment PandaPush-v3 already in registry.[0m
  logger.warn(f"Overriding environment {new_spec.id} already in registry.")
/home/xi/anaconda3/envs/franky-sami/lib/python3.10/site-packages/gymnasium/envs/registration.py:694: UserWarning: [33mWARN: Overriding environment PandaPickAndPlace-v3 already in registry.[0m
  logger.warn(f"Overriding environment {new_spec.id} already in registry.")
/home/xi/anaconda3/envs/franky-sami/lib/python3.10/site-packages/gymnasium/envs/registration.py:694: UserWarning: [33mWARN: Overriding environment PandaPush-v3 already in registry.[0m
  logger.warn(f"Overriding environment {new_spec.id} already in registry.")
/home/xi/anaconda3/envs/franky-sami/lib/python3.10/site-packages/gymnasium/envs/registration.py:694: UserWarning: [33mWARN: Overriding environment PandaPickAndPlace-v3 already in registry.[0m
  logger.warn(f"Overriding environment {new_spec.id} already in registry.")
/home/xi/anaconda3/envs/franky-sami/lib/python3.10/site-packages/gymnasium/core.py:311: UserWarning: [33mWARN: env.task to get variables from other wrappers is deprecated and will be removed in v1.0, to get this variable you can do `env.unwrapped.task` for environment variables or `env.get_wrapper_attr('task')` that will search the reminding wrappers.[0m
  logger.warn(
/home/xi/anaconda3/envs/franky-sami/lib/python3.10/site-packages/gymnasium/core.py:311: UserWarning: [33mWARN: env.set_obs_friction_mass to get variables from other wrappers is deprecated and will be removed in v1.0, to get this variable you can do `env.unwrapped.set_obs_friction_mass` for environment variables or `env.get_wrapper_attr('set_obs_friction_mass')` that will search the reminding wrappers.[0m
  logger.warn(
/home/xi/anaconda3/envs/franky-sami/lib/python3.10/site-packages/gymnasium/utils/passive_env_checker.py:135: UserWarning: [33mWARN: The obs returned by the `reset()` method was expecting numpy array dtype to be float32, actual type: float64[0m
  logger.warn(
/home/xi/anaconda3/envs/franky-sami/lib/python3.10/site-packages/gymnasium/utils/passive_env_checker.py:159: UserWarning: [33mWARN: The obs returned by the `reset()` method is not within the observation space.[0m
  logger.warn(f"{pre} is not within the observation space.")
/home/xi/anaconda3/envs/franky-sami/lib/python3.10/site-packages/gymnasium/core.py:311: UserWarning: [33mWARN: env.task to get variables from other wrappers is deprecated and will be removed in v1.0, to get this variable you can do `env.unwrapped.task` for environment variables or `env.get_wrapper_attr('task')` that will search the reminding wrappers.[0m
  logger.warn(
/home/xi/anaconda3/envs/franky-sami/lib/python3.10/site-packages/gymnasium/core.py:311: UserWarning: [33mWARN: env.set_obs_friction_mass to get variables from other wrappers is deprecated and will be removed in v1.0, to get this variable you can do `env.unwrapped.set_obs_friction_mass` for environment variables or `env.get_wrapper_attr('set_obs_friction_mass')` that will search the reminding wrappers.[0m
  logger.warn(
/home/xi/anaconda3/envs/franky-sami/lib/python3.10/site-packages/gymnasium/utils/passive_env_checker.py:135: UserWarning: [33mWARN: The obs returned by the `reset()` method was expecting numpy array dtype to be float32, actual type: float64[0m
  logger.warn(
/home/xi/anaconda3/envs/franky-sami/lib/python3.10/site-packages/gymnasium/utils/passive_env_checker.py:159: UserWarning: [33mWARN: The obs returned by the `reset()` method is not within the observation space.[0m
  logger.warn(f"{pre} is not within the observation space.")
/home/xi/anaconda3/envs/franky-sami/lib/python3.10/site-packages/gymnasium/core.py:311: UserWarning: [33mWARN: env.task to get variables from other wrappers is deprecated and will be removed in v1.0, to get this variable you can do `env.unwrapped.task` for environment variables or `env.get_wrapper_attr('task')` that will search the reminding wrappers.[0m
  logger.warn(
/home/xi/anaconda3/envs/franky-sami/lib/python3.10/site-packages/gymnasium/core.py:311: UserWarning: [33mWARN: env.set_obs_friction_mass to get variables from other wrappers is deprecated and will be removed in v1.0, to get this variable you can do `env.unwrapped.set_obs_friction_mass` for environment variables or `env.get_wrapper_attr('set_obs_friction_mass')` that will search the reminding wrappers.[0m
  logger.warn(
/home/xi/anaconda3/envs/franky-sami/lib/python3.10/site-packages/gymnasium/utils/passive_env_checker.py:135: UserWarning: [33mWARN: The obs returned by the `reset()` method was expecting numpy array dtype to be float32, actual type: float64[0m
  logger.warn(
/home/xi/anaconda3/envs/franky-sami/lib/python3.10/site-packages/gymnasium/utils/passive_env_checker.py:159: UserWarning: [33mWARN: The obs returned by the `reset()` method is not within the observation space.[0m
  logger.warn(f"{pre} is not within the observation space.")
/home/xi/anaconda3/envs/franky-sami/lib/python3.10/site-packages/gymnasium/core.py:311: UserWarning: [33mWARN: env.task to get variables from other wrappers is deprecated and will be removed in v1.0, to get this variable you can do `env.unwrapped.task` for environment variables or `env.get_wrapper_attr('task')` that will search the reminding wrappers.[0m
  logger.warn(
/home/xi/anaconda3/envs/franky-sami/lib/python3.10/site-packages/gymnasium/core.py:311: UserWarning: [33mWARN: env.set_obs_friction_mass to get variables from other wrappers is deprecated and will be removed in v1.0, to get this variable you can do `env.unwrapped.set_obs_friction_mass` for environment variables or `env.get_wrapper_attr('set_obs_friction_mass')` that will search the reminding wrappers.[0m
  logger.warn(
/home/xi/anaconda3/envs/franky-sami/lib/python3.10/site-packages/gymnasium/utils/passive_env_checker.py:135: UserWarning: [33mWARN: The obs returned by the `reset()` method was expecting numpy array dtype to be float32, actual type: float64[0m
  logger.warn(
/home/xi/anaconda3/envs/franky-sami/lib/python3.10/site-packages/gymnasium/utils/passive_env_checker.py:159: UserWarning: [33mWARN: The obs returned by the `reset()` method is not within the observation space.[0m
  logger.warn(f"{pre} is not within the observation space.")
/home/xi/anaconda3/envs/franky-sami/lib/python3.10/site-packages/gymnasium/utils/passive_env_checker.py:135: UserWarning: [33mWARN: The obs returned by the `step()` method was expecting numpy array dtype to be float32, actual type: float64[0m
  logger.warn(
/home/xi/anaconda3/envs/franky-sami/lib/python3.10/site-packages/gymnasium/utils/passive_env_checker.py:159: UserWarning: [33mWARN: The obs returned by the `step()` method is not within the observation space.[0m
  logger.warn(f"{pre} is not within the observation space.")
/home/xi/anaconda3/envs/franky-sami/lib/python3.10/site-packages/gymnasium/utils/passive_env_checker.py:135: UserWarning: [33mWARN: The obs returned by the `step()` method was expecting numpy array dtype to be float32, actual type: float64[0m
  logger.warn(
/home/xi/anaconda3/envs/franky-sami/lib/python3.10/site-packages/gymnasium/utils/passive_env_checker.py:159: UserWarning: [33mWARN: The obs returned by the `step()` method is not within the observation space.[0m
  logger.warn(f"{pre} is not within the observation space.")
/home/xi/anaconda3/envs/franky-sami/lib/python3.10/site-packages/gymnasium/utils/passive_env_checker.py:135: UserWarning: [33mWARN: The obs returned by the `step()` method was expecting numpy array dtype to be float32, actual type: float64[0m
  logger.warn(
/home/xi/anaconda3/envs/franky-sami/lib/python3.10/site-packages/gymnasium/utils/passive_env_checker.py:159: UserWarning: [33mWARN: The obs returned by the `step()` method is not within the observation space.[0m
  logger.warn(f"{pre} is not within the observation space.")
/home/xi/anaconda3/envs/franky-sami/lib/python3.10/site-packages/gymnasium/utils/passive_env_checker.py:135: UserWarning: [33mWARN: The obs returned by the `step()` method was expecting numpy array dtype to be float32, actual type: float64[0m
  logger.warn(
/home/xi/anaconda3/envs/franky-sami/lib/python3.10/site-packages/gymnasium/utils/passive_env_checker.py:159: UserWarning: [33mWARN: The obs returned by the `step()` method is not within the observation space.[0m
  logger.warn(f"{pre} is not within the observation space.")
Traceback (most recent call last):
  File "/home/xi/yxh_space/SaMI/SaMI/configs/../main.py", line 15, in <module>
    from envs import PandaHook,BaseHook,ENV_MAX_STEP
  File "/home/xi/yxh_space/SaMI/SaMI/envs/__init__.py", line 6, in <module>
    from .PandaPickAndPlace import PandaPickAndPlaceEnv
  File "/home/xi/yxh_space/SaMI/SaMI/envs/PandaPickAndPlace.py", line 14, in <module>
    from panda_gym.envs.core import RobotTaskEnv
ModuleNotFoundError: No module named 'panda_gym'
pybullet build time: Jan 29 2025 23:16:28
/home/xi/anaconda3/envs/franky-sami/lib/python3.10/site-packages/gymnasium/envs/registration.py:694: UserWarning: [33mWARN: Overriding environment PandaPush-v3 already in registry.[0m
  logger.warn(f"Overriding environment {new_spec.id} already in registry.")
/home/xi/anaconda3/envs/franky-sami/lib/python3.10/site-packages/gymnasium/envs/registration.py:694: UserWarning: [33mWARN: Overriding environment PandaPickAndPlace-v3 already in registry.[0m
  logger.warn(f"Overriding environment {new_spec.id} already in registry.")
/home/xi/anaconda3/envs/franky-sami/lib/python3.10/site-packages/gymnasium/core.py:311: UserWarning: [33mWARN: env.task to get variables from other wrappers is deprecated and will be removed in v1.0, to get this variable you can do `env.unwrapped.task` for environment variables or `env.get_wrapper_attr('task')` that will search the reminding wrappers.[0m
  logger.warn(
/home/xi/anaconda3/envs/franky-sami/lib/python3.10/site-packages/gymnasium/core.py:311: UserWarning: [33mWARN: env.set_obs_friction_mass to get variables from other wrappers is deprecated and will be removed in v1.0, to get this variable you can do `env.unwrapped.set_obs_friction_mass` for environment variables or `env.get_wrapper_attr('set_obs_friction_mass')` that will search the reminding wrappers.[0m
  logger.warn(
/home/xi/anaconda3/envs/franky-sami/lib/python3.10/site-packages/gymnasium/utils/passive_env_checker.py:135: UserWarning: [33mWARN: The obs returned by the `reset()` method was expecting numpy array dtype to be float32, actual type: float64[0m
  logger.warn(
/home/xi/anaconda3/envs/franky-sami/lib/python3.10/site-packages/gymnasium/utils/passive_env_checker.py:159: UserWarning: [33mWARN: The obs returned by the `reset()` method is not within the observation space.[0m
  logger.warn(f"{pre} is not within the observation space.")
/home/xi/anaconda3/envs/franky-sami/lib/python3.10/site-packages/gymnasium/utils/passive_env_checker.py:135: UserWarning: [33mWARN: The obs returned by the `step()` method was expecting numpy array dtype to be float32, actual type: float64[0m
  logger.warn(
/home/xi/anaconda3/envs/franky-sami/lib/python3.10/site-packages/gymnasium/utils/passive_env_checker.py:159: UserWarning: [33mWARN: The obs returned by the `step()` method is not within the observation space.[0m
  logger.warn(f"{pre} is not within the observation space.")
pybullet build time: Jan 29 2025 23:16:28
/home/xi/anaconda3/envs/franky-sami/lib/python3.10/site-packages/gymnasium/envs/registration.py:694: UserWarning: [33mWARN: Overriding environment PandaPush-v3 already in registry.[0m
  logger.warn(f"Overriding environment {new_spec.id} already in registry.")
/home/xi/anaconda3/envs/franky-sami/lib/python3.10/site-packages/gymnasium/envs/registration.py:694: UserWarning: [33mWARN: Overriding environment PandaPickAndPlace-v3 already in registry.[0m
  logger.warn(f"Overriding environment {new_spec.id} already in registry.")
/home/xi/anaconda3/envs/franky-sami/lib/python3.10/site-packages/gymnasium/core.py:311: UserWarning: [33mWARN: env.task to get variables from other wrappers is deprecated and will be removed in v1.0, to get this variable you can do `env.unwrapped.task` for environment variables or `env.get_wrapper_attr('task')` that will search the reminding wrappers.[0m
  logger.warn(
/home/xi/anaconda3/envs/franky-sami/lib/python3.10/site-packages/gymnasium/core.py:311: UserWarning: [33mWARN: env.set_obs_friction_mass to get variables from other wrappers is deprecated and will be removed in v1.0, to get this variable you can do `env.unwrapped.set_obs_friction_mass` for environment variables or `env.get_wrapper_attr('set_obs_friction_mass')` that will search the reminding wrappers.[0m
  logger.warn(
/home/xi/anaconda3/envs/franky-sami/lib/python3.10/site-packages/gymnasium/utils/passive_env_checker.py:135: UserWarning: [33mWARN: The obs returned by the `reset()` method was expecting numpy array dtype to be float32, actual type: float64[0m
  logger.warn(
/home/xi/anaconda3/envs/franky-sami/lib/python3.10/site-packages/gymnasium/utils/passive_env_checker.py:159: UserWarning: [33mWARN: The obs returned by the `reset()` method is not within the observation space.[0m
  logger.warn(f"{pre} is not within the observation space.")
/home/xi/anaconda3/envs/franky-sami/lib/python3.10/site-packages/gymnasium/utils/passive_env_checker.py:135: UserWarning: [33mWARN: The obs returned by the `step()` method was expecting numpy array dtype to be float32, actual type: float64[0m
  logger.warn(
/home/xi/anaconda3/envs/franky-sami/lib/python3.10/site-packages/gymnasium/utils/passive_env_checker.py:159: UserWarning: [33mWARN: The obs returned by the `step()` method is not within the observation space.[0m
  logger.warn(f"{pre} is not within the observation space.")
pybullet build time: Jan 29 2025 23:16:28
/home/xi/anaconda3/envs/franky-sami/lib/python3.10/site-packages/gymnasium/envs/registration.py:694: UserWarning: [33mWARN: Overriding environment PandaPush-v3 already in registry.[0m
  logger.warn(f"Overriding environment {new_spec.id} already in registry.")
/home/xi/anaconda3/envs/franky-sami/lib/python3.10/site-packages/gymnasium/envs/registration.py:694: UserWarning: [33mWARN: Overriding environment PandaPickAndPlace-v3 already in registry.[0m
  logger.warn(f"Overriding environment {new_spec.id} already in registry.")
/home/xi/anaconda3/envs/franky-sami/lib/python3.10/site-packages/gymnasium/core.py:311: UserWarning: [33mWARN: env.task to get variables from other wrappers is deprecated and will be removed in v1.0, to get this variable you can do `env.unwrapped.task` for environment variables or `env.get_wrapper_attr('task')` that will search the reminding wrappers.[0m
  logger.warn(
/home/xi/anaconda3/envs/franky-sami/lib/python3.10/site-packages/gymnasium/core.py:311: UserWarning: [33mWARN: env.set_obs_friction_mass to get variables from other wrappers is deprecated and will be removed in v1.0, to get this variable you can do `env.unwrapped.set_obs_friction_mass` for environment variables or `env.get_wrapper_attr('set_obs_friction_mass')` that will search the reminding wrappers.[0m
  logger.warn(
/home/xi/anaconda3/envs/franky-sami/lib/python3.10/site-packages/gymnasium/utils/passive_env_checker.py:135: UserWarning: [33mWARN: The obs returned by the `reset()` method was expecting numpy array dtype to be float32, actual type: float64[0m
  logger.warn(
/home/xi/anaconda3/envs/franky-sami/lib/python3.10/site-packages/gymnasium/utils/passive_env_checker.py:159: UserWarning: [33mWARN: The obs returned by the `reset()` method is not within the observation space.[0m
  logger.warn(f"{pre} is not within the observation space.")
/home/xi/anaconda3/envs/franky-sami/lib/python3.10/site-packages/gymnasium/utils/passive_env_checker.py:135: UserWarning: [33mWARN: The obs returned by the `step()` method was expecting numpy array dtype to be float32, actual type: float64[0m
  logger.warn(
/home/xi/anaconda3/envs/franky-sami/lib/python3.10/site-packages/gymnasium/utils/passive_env_checker.py:159: UserWarning: [33mWARN: The obs returned by the `step()` method is not within the observation space.[0m
  logger.warn(f"{pre} is not within the observation space.")
pybullet build time: Jan 29 2025 23:16:28
/home/xi/anaconda3/envs/franky-sami/lib/python3.10/site-packages/gymnasium/envs/registration.py:694: UserWarning: [33mWARN: Overriding environment PandaPush-v3 already in registry.[0m
  logger.warn(f"Overriding environment {new_spec.id} already in registry.")
/home/xi/anaconda3/envs/franky-sami/lib/python3.10/site-packages/gymnasium/envs/registration.py:694: UserWarning: [33mWARN: Overriding environment PandaPickAndPlace-v3 already in registry.[0m
  logger.warn(f"Overriding environment {new_spec.id} already in registry.")
/home/xi/anaconda3/envs/franky-sami/lib/python3.10/site-packages/gymnasium/core.py:311: UserWarning: [33mWARN: env.task to get variables from other wrappers is deprecated and will be removed in v1.0, to get this variable you can do `env.unwrapped.task` for environment variables or `env.get_wrapper_attr('task')` that will search the reminding wrappers.[0m
  logger.warn(
/home/xi/anaconda3/envs/franky-sami/lib/python3.10/site-packages/gymnasium/core.py:311: UserWarning: [33mWARN: env.set_obs_friction_mass to get variables from other wrappers is deprecated and will be removed in v1.0, to get this variable you can do `env.unwrapped.set_obs_friction_mass` for environment variables or `env.get_wrapper_attr('set_obs_friction_mass')` that will search the reminding wrappers.[0m
  logger.warn(
/home/xi/anaconda3/envs/franky-sami/lib/python3.10/site-packages/gymnasium/utils/passive_env_checker.py:135: UserWarning: [33mWARN: The obs returned by the `reset()` method was expecting numpy array dtype to be float32, actual type: float64[0m
  logger.warn(
/home/xi/anaconda3/envs/franky-sami/lib/python3.10/site-packages/gymnasium/utils/passive_env_checker.py:159: UserWarning: [33mWARN: The obs returned by the `reset()` method is not within the observation space.[0m
  logger.warn(f"{pre} is not within the observation space.")
/home/xi/anaconda3/envs/franky-sami/lib/python3.10/site-packages/gymnasium/utils/passive_env_checker.py:135: UserWarning: [33mWARN: The obs returned by the `step()` method was expecting numpy array dtype to be float32, actual type: float64[0m
  logger.warn(
/home/xi/anaconda3/envs/franky-sami/lib/python3.10/site-packages/gymnasium/utils/passive_env_checker.py:159: UserWarning: [33mWARN: The obs returned by the `step()` method is not within the observation space.[0m
  logger.warn(f"{pre} is not within the observation space.")
pybullet build time: Jan 29 2025 23:16:28
/home/xi/anaconda3/envs/franky-sami/lib/python3.10/site-packages/gymnasium/envs/registration.py:694: UserWarning: [33mWARN: Overriding environment PandaPush-v3 already in registry.[0m
  logger.warn(f"Overriding environment {new_spec.id} already in registry.")
/home/xi/anaconda3/envs/franky-sami/lib/python3.10/site-packages/gymnasium/envs/registration.py:694: UserWarning: [33mWARN: Overriding environment PandaPickAndPlace-v3 already in registry.[0m
  logger.warn(f"Overriding environment {new_spec.id} already in registry.")
/home/xi/anaconda3/envs/franky-sami/lib/python3.10/site-packages/gymnasium/core.py:311: UserWarning: [33mWARN: env.task to get variables from other wrappers is deprecated and will be removed in v1.0, to get this variable you can do `env.unwrapped.task` for environment variables or `env.get_wrapper_attr('task')` that will search the reminding wrappers.[0m
  logger.warn(
/home/xi/anaconda3/envs/franky-sami/lib/python3.10/site-packages/gymnasium/core.py:311: UserWarning: [33mWARN: env.set_obs_friction_mass to get variables from other wrappers is deprecated and will be removed in v1.0, to get this variable you can do `env.unwrapped.set_obs_friction_mass` for environment variables or `env.get_wrapper_attr('set_obs_friction_mass')` that will search the reminding wrappers.[0m
  logger.warn(
/home/xi/anaconda3/envs/franky-sami/lib/python3.10/site-packages/gymnasium/utils/passive_env_checker.py:135: UserWarning: [33mWARN: The obs returned by the `reset()` method was expecting numpy array dtype to be float32, actual type: float64[0m
  logger.warn(
/home/xi/anaconda3/envs/franky-sami/lib/python3.10/site-packages/gymnasium/utils/passive_env_checker.py:159: UserWarning: [33mWARN: The obs returned by the `reset()` method is not within the observation space.[0m
  logger.warn(f"{pre} is not within the observation space.")
/home/xi/anaconda3/envs/franky-sami/lib/python3.10/site-packages/gymnasium/utils/passive_env_checker.py:135: UserWarning: [33mWARN: The obs returned by the `step()` method was expecting numpy array dtype to be float32, actual type: float64[0m
  logger.warn(
/home/xi/anaconda3/envs/franky-sami/lib/python3.10/site-packages/gymnasium/utils/passive_env_checker.py:159: UserWarning: [33mWARN: The obs returned by the `step()` method is not within the observation space.[0m
  logger.warn(f"{pre} is not within the observation space.")
pybullet build time: Jan 29 2025 23:16:28
/home/xi/anaconda3/envs/franky-sami/lib/python3.10/site-packages/gymnasium/envs/registration.py:694: UserWarning: [33mWARN: Overriding environment PandaPush-v3 already in registry.[0m
  logger.warn(f"Overriding environment {new_spec.id} already in registry.")
/home/xi/anaconda3/envs/franky-sami/lib/python3.10/site-packages/gymnasium/envs/registration.py:694: UserWarning: [33mWARN: Overriding environment PandaPickAndPlace-v3 already in registry.[0m
  logger.warn(f"Overriding environment {new_spec.id} already in registry.")
/home/xi/anaconda3/envs/franky-sami/lib/python3.10/site-packages/gymnasium/core.py:311: UserWarning: [33mWARN: env.task to get variables from other wrappers is deprecated and will be removed in v1.0, to get this variable you can do `env.unwrapped.task` for environment variables or `env.get_wrapper_attr('task')` that will search the reminding wrappers.[0m
  logger.warn(
/home/xi/anaconda3/envs/franky-sami/lib/python3.10/site-packages/gymnasium/core.py:311: UserWarning: [33mWARN: env.set_obs_friction_mass to get variables from other wrappers is deprecated and will be removed in v1.0, to get this variable you can do `env.unwrapped.set_obs_friction_mass` for environment variables or `env.get_wrapper_attr('set_obs_friction_mass')` that will search the reminding wrappers.[0m
  logger.warn(
/home/xi/anaconda3/envs/franky-sami/lib/python3.10/site-packages/gymnasium/utils/passive_env_checker.py:135: UserWarning: [33mWARN: The obs returned by the `reset()` method was expecting numpy array dtype to be float32, actual type: float64[0m
  logger.warn(
/home/xi/anaconda3/envs/franky-sami/lib/python3.10/site-packages/gymnasium/utils/passive_env_checker.py:159: UserWarning: [33mWARN: The obs returned by the `reset()` method is not within the observation space.[0m
  logger.warn(f"{pre} is not within the observation space.")
/home/xi/anaconda3/envs/franky-sami/lib/python3.10/site-packages/gymnasium/utils/passive_env_checker.py:135: UserWarning: [33mWARN: The obs returned by the `step()` method was expecting numpy array dtype to be float32, actual type: float64[0m
  logger.warn(
/home/xi/anaconda3/envs/franky-sami/lib/python3.10/site-packages/gymnasium/utils/passive_env_checker.py:159: UserWarning: [33mWARN: The obs returned by the `step()` method is not within the observation space.[0m
  logger.warn(f"{pre} is not within the observation space.")
pybullet build time: Jan 29 2025 23:16:28
/home/xi/anaconda3/envs/franky-sami/lib/python3.10/site-packages/gymnasium/envs/registration.py:694: UserWarning: [33mWARN: Overriding environment PandaPush-v3 already in registry.[0m
  logger.warn(f"Overriding environment {new_spec.id} already in registry.")
/home/xi/anaconda3/envs/franky-sami/lib/python3.10/site-packages/gymnasium/envs/registration.py:694: UserWarning: [33mWARN: Overriding environment PandaPickAndPlace-v3 already in registry.[0m
  logger.warn(f"Overriding environment {new_spec.id} already in registry.")
pybullet build time: Jan 29 2025 23:16:28
/home/xi/anaconda3/envs/franky-sami/lib/python3.10/site-packages/gymnasium/envs/registration.py:694: UserWarning: [33mWARN: Overriding environment PandaPush-v3 already in registry.[0m
  logger.warn(f"Overriding environment {new_spec.id} already in registry.")
/home/xi/anaconda3/envs/franky-sami/lib/python3.10/site-packages/gymnasium/envs/registration.py:694: UserWarning: [33mWARN: Overriding environment PandaPickAndPlace-v3 already in registry.[0m
  logger.warn(f"Overriding environment {new_spec.id} already in registry.")
/home/xi/anaconda3/envs/franky-sami/lib/python3.10/site-packages/gymnasium/core.py:311: UserWarning: [33mWARN: env.task to get variables from other wrappers is deprecated and will be removed in v1.0, to get this variable you can do `env.unwrapped.task` for environment variables or `env.get_wrapper_attr('task')` that will search the reminding wrappers.[0m
  logger.warn(
/home/xi/anaconda3/envs/franky-sami/lib/python3.10/site-packages/gymnasium/core.py:311: UserWarning: [33mWARN: env.set_obs_friction_mass to get variables from other wrappers is deprecated and will be removed in v1.0, to get this variable you can do `env.unwrapped.set_obs_friction_mass` for environment variables or `env.get_wrapper_attr('set_obs_friction_mass')` that will search the reminding wrappers.[0m
  logger.warn(
/home/xi/anaconda3/envs/franky-sami/lib/python3.10/site-packages/gymnasium/utils/passive_env_checker.py:135: UserWarning: [33mWARN: The obs returned by the `reset()` method was expecting numpy array dtype to be float32, actual type: float64[0m
  logger.warn(
/home/xi/anaconda3/envs/franky-sami/lib/python3.10/site-packages/gymnasium/utils/passive_env_checker.py:159: UserWarning: [33mWARN: The obs returned by the `reset()` method is not within the observation space.[0m
  logger.warn(f"{pre} is not within the observation space.")
/home/xi/anaconda3/envs/franky-sami/lib/python3.10/site-packages/gymnasium/core.py:311: UserWarning: [33mWARN: env.task to get variables from other wrappers is deprecated and will be removed in v1.0, to get this variable you can do `env.unwrapped.task` for environment variables or `env.get_wrapper_attr('task')` that will search the reminding wrappers.[0m
  logger.warn(
/home/xi/anaconda3/envs/franky-sami/lib/python3.10/site-packages/gymnasium/core.py:311: UserWarning: [33mWARN: env.set_obs_friction_mass to get variables from other wrappers is deprecated and will be removed in v1.0, to get this variable you can do `env.unwrapped.set_obs_friction_mass` for environment variables or `env.get_wrapper_attr('set_obs_friction_mass')` that will search the reminding wrappers.[0m
  logger.warn(
/home/xi/anaconda3/envs/franky-sami/lib/python3.10/site-packages/gymnasium/utils/passive_env_checker.py:135: UserWarning: [33mWARN: The obs returned by the `reset()` method was expecting numpy array dtype to be float32, actual type: float64[0m
  logger.warn(
/home/xi/anaconda3/envs/franky-sami/lib/python3.10/site-packages/gymnasium/utils/passive_env_checker.py:159: UserWarning: [33mWARN: The obs returned by the `reset()` method is not within the observation space.[0m
  logger.warn(f"{pre} is not within the observation space.")
/home/xi/anaconda3/envs/franky-sami/lib/python3.10/site-packages/gymnasium/utils/passive_env_checker.py:135: UserWarning: [33mWARN: The obs returned by the `step()` method was expecting numpy array dtype to be float32, actual type: float64[0m
  logger.warn(
/home/xi/anaconda3/envs/franky-sami/lib/python3.10/site-packages/gymnasium/utils/passive_env_checker.py:159: UserWarning: [33mWARN: The obs returned by the `step()` method is not within the observation space.[0m
  logger.warn(f"{pre} is not within the observation space.")
/home/xi/anaconda3/envs/franky-sami/lib/python3.10/site-packages/gymnasium/utils/passive_env_checker.py:135: UserWarning: [33mWARN: The obs returned by the `step()` method was expecting numpy array dtype to be float32, actual type: float64[0m
  logger.warn(
/home/xi/anaconda3/envs/franky-sami/lib/python3.10/site-packages/gymnasium/utils/passive_env_checker.py:159: UserWarning: [33mWARN: The obs returned by the `step()` method is not within the observation space.[0m
  logger.warn(f"{pre} is not within the observation space.")
Traceback (most recent call last):
  File "/home/xi/yxh_space/SaMI/SaMI/configs/../main.py", line 15, in <module>
    from envs import PandaHook,BaseHook,ENV_MAX_STEP
  File "/home/xi/yxh_space/SaMI/SaMI/envs/__init__.py", line 6, in <module>
    from .PandaPickAndPlace import PandaPickAndPlaceEnv
  File "/home/xi/yxh_space/SaMI/SaMI/envs/PandaPickAndPlace.py", line 14, in <module>
    from panda_gym.envs.core import RobotTaskEnv
ModuleNotFoundError: No module named 'panda_gym'
Traceback (most recent call last):
  File "/home/xi/yxh_space/SaMI/SaMI/configs/../main.py", line 15, in <module>
    from envs import PandaHook,BaseHook,ENV_MAX_STEP
  File "/home/xi/yxh_space/SaMI/SaMI/envs/__init__.py", line 6, in <module>
    from .PandaPickAndPlace import PandaPickAndPlaceEnv
  File "/home/xi/yxh_space/SaMI/SaMI/envs/PandaPickAndPlace.py", line 14, in <module>
    from panda_gym.envs.core import RobotTaskEnv
ModuleNotFoundError: No module named 'panda_gym'
Traceback (most recent call last):
  File "/home/xi/yxh_space/SaMI/SaMI/configs/../main.py", line 15, in <module>
    from envs import PandaHook,BaseHook,ENV_MAX_STEP
  File "/home/xi/yxh_space/SaMI/SaMI/envs/__init__.py", line 6, in <module>
    from .PandaPickAndPlace import PandaPickAndPlaceEnv
  File "/home/xi/yxh_space/SaMI/SaMI/envs/PandaPickAndPlace.py", line 14, in <module>
    from panda_gym.envs.core import RobotTaskEnv
ModuleNotFoundError: No module named 'panda_gym'
Traceback (most recent call last):
  File "/home/xi/yxh_space/SaMI/SaMI/configs/../main.py", line 15, in <module>
    from envs import PandaHook,BaseHook,ENV_MAX_STEP
  File "/home/xi/yxh_space/SaMI/SaMI/envs/__init__.py", line 6, in <module>
    from .PandaPickAndPlace import PandaPickAndPlaceEnv
  File "/home/xi/yxh_space/SaMI/SaMI/envs/PandaPickAndPlace.py", line 14, in <module>
    from panda_gym.envs.core import RobotTaskEnv
ModuleNotFoundError: No module named 'panda_gym'
pybullet build time: Jan 29 2025 23:16:28
/home/xi/anaconda3/envs/franky-sami/lib/python3.10/site-packages/gymnasium/envs/registration.py:694: UserWarning: [33mWARN: Overriding environment PandaPush-v3 already in registry.[0m
  logger.warn(f"Overriding environment {new_spec.id} already in registry.")
/home/xi/anaconda3/envs/franky-sami/lib/python3.10/site-packages/gymnasium/envs/registration.py:694: UserWarning: [33mWARN: Overriding environment PandaPickAndPlace-v3 already in registry.[0m
  logger.warn(f"Overriding environment {new_spec.id} already in registry.")
pybullet build time: Jan 29 2025 23:16:28
/home/xi/anaconda3/envs/franky-sami/lib/python3.10/site-packages/gymnasium/envs/registration.py:694: UserWarning: [33mWARN: Overriding environment PandaPush-v3 already in registry.[0m
  logger.warn(f"Overriding environment {new_spec.id} already in registry.")
/home/xi/anaconda3/envs/franky-sami/lib/python3.10/site-packages/gymnasium/envs/registration.py:694: UserWarning: [33mWARN: Overriding environment PandaPickAndPlace-v3 already in registry.[0m
  logger.warn(f"Overriding environment {new_spec.id} already in registry.")
pybullet build time: Jan 29 2025 23:16:28
pybullet build time: Jan 29 2025 23:16:28
/home/xi/anaconda3/envs/franky-sami/lib/python3.10/site-packages/gymnasium/envs/registration.py:694: UserWarning: [33mWARN: Overriding environment PandaPush-v3 already in registry.[0m
  logger.warn(f"Overriding environment {new_spec.id} already in registry.")
/home/xi/anaconda3/envs/franky-sami/lib/python3.10/site-packages/gymnasium/envs/registration.py:694: UserWarning: [33mWARN: Overriding environment PandaPickAndPlace-v3 already in registry.[0m
  logger.warn(f"Overriding environment {new_spec.id} already in registry.")
/home/xi/anaconda3/envs/franky-sami/lib/python3.10/site-packages/gymnasium/envs/registration.py:694: UserWarning: [33mWARN: Overriding environment PandaPush-v3 already in registry.[0m
  logger.warn(f"Overriding environment {new_spec.id} already in registry.")
/home/xi/anaconda3/envs/franky-sami/lib/python3.10/site-packages/gymnasium/envs/registration.py:694: UserWarning: [33mWARN: Overriding environment PandaPickAndPlace-v3 already in registry.[0m
  logger.warn(f"Overriding environment {new_spec.id} already in registry.")
{'model_parameters': {'method': 'SaCCM', 'adversarial_loss_coef': 0.01, 'batch_size': 256, 'contrast_batch_size': 256, 'contrast_buffer_type': 'fine_grained', 'contrast_training_interval': 1, 'time_step': 5000000, 'causal_dim': 6, 'causal_hidden_dim': 128, 'buffer_size': 1000, 'use_weighted_info_nce': False, 'use_reward_norm': False, 'learning_rate': 0.001, 'train_freq': 128, 'gradient_steps': 16, 'encoder_tau': 0.05, 'neg_radio': 0.5, 'env_name': 'PandaPush-v3', 'env_hook': 'PandaHook', 'train_envs': '[(0, 1), (0, 5), (1, 1),(1, 5),(1, 10),(1, 2),(1, 3), (1, 1)]', 'test_envs': '[(0, 10), (1, 10), (10, 10), (30, 10)]', 'use_continue_train': False, 'save_video': False, 'seed': 100, 'config_path': '', 'test_eps_num_per_env': 50, 'use_wandb': False, 'wandb_project_name': 'skill-aware-rl', 'wandb_team_name': 'skill-aware-rl'}, 'save_path': '/home/xi/yxh_space/SaMI/SaMI/output', 'sub_save_path': '/home/xi/yxh_space/SaMI/SaMI/output/2025-04-15-11:23:48-085235', 'save_model_path': '/home/xi/yxh_space/SaMI/SaMI/output/2025-04-15-11:23:48-085235/model.zip', 'log_path': '/home/xi/yxh_space/SaMI/SaMI/output/2025-04-15-11:23:48-085235/log.txt', 'code_path': '/home/xi/yxh_space/SaMI/SaMI/output/2025-04-15-11:23:48-085235/code.zip', 'config_path': '/home/xi/yxh_space/SaMI/SaMI/output/2025-04-15-11:23:48-085235/config.yaml', 'test_path': '/home/xi/yxh_space/SaMI/SaMI/output/2025-04-15-11:23:48-085235/test_result.yaml', 'test_tsne_path': '/home/xi/yxh_space/SaMI/SaMI/output/2025-04-15-11:23:48-085235/tsne.jpg', 'test_table_path': '/home/xi/yxh_space/SaMI/SaMI/output/2025-04-15-11:23:48-085235/tables', 'test_image_path': '/home/xi/yxh_space/SaMI/SaMI/output/2025-04-15-11:23:48-085235/images', 'test_video_path': '/home/xi/yxh_space/SaMI/SaMI/output/2025-04-15-11:23:48-085235/videos'}
argv[0]=--background_color_red=0.8745098114013672
argv[1]=--background_color_green=0.21176470816135406
argv[2]=--background_color_blue=0.1764705926179886
Traceback (most recent call last):
  File "/home/xi/anaconda3/envs/franky-sami/lib/python3.10/site-packages/gymnasium/envs/registration.py", line 802, in make
    env = env_creator(**env_spec_kwargs)
  File "/home/xi/yxh_space/SaMI/SaMI/envs/PandaPush.py", line 75, in __init__
    task = PushWrapper(sim, reward_type=reward_type,object_height=object_height,goal_z_range=0.0)
TypeError: Can't instantiate abstract class PushWrapper with abstract method _sample_object

During handling of the above exception, another exception occurred:

Traceback (most recent call last):
  File "/home/xi/yxh_space/SaMI/SaMI/configs/../main.py", line 68, in <module>
    raise e
  File "/home/xi/yxh_space/SaMI/SaMI/configs/../main.py", line 43, in <module>
    train_env = DummyVecEnv(envs)
  File "/home/xi/anaconda3/envs/franky-sami/lib/python3.10/site-packages/stable_baselines3/common/vec_env/dummy_vec_env.py", line 31, in __init__
    self.envs = [_patch_env(fn()) for fn in env_fns]
  File "/home/xi/anaconda3/envs/franky-sami/lib/python3.10/site-packages/stable_baselines3/common/vec_env/dummy_vec_env.py", line 31, in <listcomp>
    self.envs = [_patch_env(fn()) for fn in env_fns]
  File "/home/xi/yxh_space/SaMI/SaMI/envs/utils/make_env.py", line 20, in _init
    env = gymnasium.make(f'PandaPush-v3',
  File "/home/xi/anaconda3/envs/franky-sami/lib/python3.10/site-packages/gymnasium/envs/registration.py", line 814, in make
    raise type(e)(
TypeError: Can't instantiate abstract class PushWrapper with abstract method _sample_object was raised from the environment creator for PandaPush-v3 with kwargs ({'reward_type': 'dense', 'control_type': 'ee', 'object_height': 1.0, 'causal_dim': 6, 'causal_hidden_dim': 128})
{'model_parameters': {'method': 'SaCCM', 'adversarial_loss_coef': 0.01, 'batch_size': 256, 'contrast_batch_size': 256, 'contrast_buffer_type': 'fine_grained', 'contrast_training_interval': 1, 'time_step': 6000000, 'causal_dim': 6, 'causal_hidden_dim': 128, 'buffer_size': 1000, 'use_weighted_info_nce': False, 'use_reward_norm': False, 'learning_rate': 0.001, 'train_freq': 128, 'gradient_steps': 16, 'encoder_tau': 0.05, 'neg_radio': 0.5, 'env_name': 'PandaPush-v3', 'env_hook': 'PandaHook', 'train_envs': '[(1, 1),(1, 2),(1, 3),(1, 4),(1, 5),(1, 6),(1, 1),(1, 10)]', 'test_envs': '[(0, 10), (1, 10), (10, 10), (30, 10)]', 'use_continue_train': False, 'save_video': False, 'seed': 100, 'config_path': '', 'test_eps_num_per_env': 50, 'use_wandb': False, 'wandb_project_name': 'skill-aware-rl', 'wandb_team_name': 'skill-aware-rl'}, 'save_path': '/home/xi/yxh_space/SaMI/SaMI/output', 'sub_save_path': '/home/xi/yxh_space/SaMI/SaMI/output/2025-04-15-11:23:48-116213', 'save_model_path': '/home/xi/yxh_space/SaMI/SaMI/output/2025-04-15-11:23:48-116213/model.zip', 'log_path': '/home/xi/yxh_space/SaMI/SaMI/output/2025-04-15-11:23:48-116213/log.txt', 'code_path': '/home/xi/yxh_space/SaMI/SaMI/output/2025-04-15-11:23:48-116213/code.zip', 'config_path': '/home/xi/yxh_space/SaMI/SaMI/output/2025-04-15-11:23:48-116213/config.yaml', 'test_path': '/home/xi/yxh_space/SaMI/SaMI/output/2025-04-15-11:23:48-116213/test_result.yaml', 'test_tsne_path': '/home/xi/yxh_space/SaMI/SaMI/output/2025-04-15-11:23:48-116213/tsne.jpg', 'test_table_path': '/home/xi/yxh_space/SaMI/SaMI/output/2025-04-15-11:23:48-116213/tables', 'test_image_path': '/home/xi/yxh_space/SaMI/SaMI/output/2025-04-15-11:23:48-116213/images', 'test_video_path': '/home/xi/yxh_space/SaMI/SaMI/output/2025-04-15-11:23:48-116213/videos'}
argv[0]=--background_color_red=0.8745098114013672
argv[1]=--background_color_green=0.21176470816135406
argv[2]=--background_color_blue=0.1764705926179886
Traceback (most recent call last):
  File "/home/xi/anaconda3/envs/franky-sami/lib/python3.10/site-packages/gymnasium/envs/registration.py", line 802, in make
    env = env_creator(**env_spec_kwargs)
  File "/home/xi/yxh_space/SaMI/SaMI/envs/PandaPush.py", line 75, in __init__
    task = PushWrapper(sim, reward_type=reward_type,object_height=object_height,goal_z_range=0.0)
TypeError: Can't instantiate abstract class PushWrapper with abstract method _sample_object

During handling of the above exception, another exception occurred:

Traceback (most recent call last):
  File "/home/xi/yxh_space/SaMI/SaMI/configs/../main.py", line 68, in <module>
    raise e
  File "/home/xi/yxh_space/SaMI/SaMI/configs/../main.py", line 43, in <module>
    train_env = DummyVecEnv(envs)
  File "/home/xi/anaconda3/envs/franky-sami/lib/python3.10/site-packages/stable_baselines3/common/vec_env/dummy_vec_env.py", line 31, in __init__
    self.envs = [_patch_env(fn()) for fn in env_fns]
  File "/home/xi/anaconda3/envs/franky-sami/lib/python3.10/site-packages/stable_baselines3/common/vec_env/dummy_vec_env.py", line 31, in <listcomp>
    self.envs = [_patch_env(fn()) for fn in env_fns]
  File "/home/xi/yxh_space/SaMI/SaMI/envs/utils/make_env.py", line 20, in _init
    env = gymnasium.make(f'PandaPush-v3',
  File "/home/xi/anaconda3/envs/franky-sami/lib/python3.10/site-packages/gymnasium/envs/registration.py", line 814, in make
    raise type(e)(
TypeError: Can't instantiate abstract class PushWrapper with abstract method _sample_object was raised from the environment creator for PandaPush-v3 with kwargs ({'reward_type': 'dense', 'control_type': 'ee', 'object_height': 1.0, 'causal_dim': 6, 'causal_hidden_dim': 128})
{'model_parameters': {'method': 'SaSAC', 'adversarial_loss_coef': 0.01, 'batch_size': 256, 'contrast_batch_size': 256, 'contrast_buffer_type': 'fine_grained', 'contrast_training_interval': 1, 'time_step': 6000000, 'causal_dim': 6, 'causal_hidden_dim': 128, 'buffer_size': 1000, 'use_weighted_info_nce': False, 'use_reward_norm': False, 'learning_rate': 0.001, 'train_freq': 128, 'gradient_steps': 16, 'encoder_tau': 0.05, 'neg_radio': 0.5, 'env_name': 'PandaPush-v3', 'env_hook': 'PandaHook', 'train_envs': '[(1, 1),(1, 2),(1, 3),(1, 4),(1, 5),(1, 6),(1, 1),(1, 10)]', 'test_envs': '[(0, 10), (1, 10), (10, 10), (30, 10)]', 'use_continue_train': False, 'save_video': False, 'seed': 100, 'config_path': '', 'test_eps_num_per_env': 50, 'use_wandb': False, 'wandb_project_name': 'skill-aware-rl', 'wandb_team_name': 'skill-aware-rl'}, 'save_path': '/home/xi/yxh_space/SaMI/SaMI/output', 'sub_save_path': '/home/xi/yxh_space/SaMI/SaMI/output/2025-04-15-11:23:48-171683', 'save_model_path': '/home/xi/yxh_space/SaMI/SaMI/output/2025-04-15-11:23:48-171683/model.zip', 'log_path': '/home/xi/yxh_space/SaMI/SaMI/output/2025-04-15-11:23:48-171683/log.txt', 'code_path': '/home/xi/yxh_space/SaMI/SaMI/output/2025-04-15-11:23:48-171683/code.zip', 'config_path': '/home/xi/yxh_space/SaMI/SaMI/output/2025-04-15-11:23:48-171683/config.yaml', 'test_path': '/home/xi/yxh_space/SaMI/SaMI/output/2025-04-15-11:23:48-171683/test_result.yaml', 'test_tsne_path': '/home/xi/yxh_space/SaMI/SaMI/output/2025-04-15-11:23:48-171683/tsne.jpg', 'test_table_path': '/home/xi/yxh_space/SaMI/SaMI/output/2025-04-15-11:23:48-171683/tables', 'test_image_path': '/home/xi/yxh_space/SaMI/SaMI/output/2025-04-15-11:23:48-171683/images', 'test_video_path': '/home/xi/yxh_space/SaMI/SaMI/output/2025-04-15-11:23:48-171683/videos'}
argv[0]=--background_color_red=0.8745098114013672
argv[1]=--background_color_green=0.21176470816135406
argv[2]=--background_color_blue=0.1764705926179886
Traceback (most recent call last):
  File "/home/xi/anaconda3/envs/franky-sami/lib/python3.10/site-packages/gymnasium/envs/registration.py", line 802, in make
    env = env_creator(**env_spec_kwargs)
  File "/home/xi/yxh_space/SaMI/SaMI/envs/PandaPush.py", line 75, in __init__
    task = PushWrapper(sim, reward_type=reward_type,object_height=object_height,goal_z_range=0.0)
TypeError: Can't instantiate abstract class PushWrapper with abstract method _sample_object

During handling of the above exception, another exception occurred:

Traceback (most recent call last):
  File "/home/xi/yxh_space/SaMI/SaMI/configs/../main.py", line 68, in <module>
    raise e
  File "/home/xi/yxh_space/SaMI/SaMI/configs/../main.py", line 43, in <module>
    train_env = DummyVecEnv(envs)
  File "/home/xi/anaconda3/envs/franky-sami/lib/python3.10/site-packages/stable_baselines3/common/vec_env/dummy_vec_env.py", line 31, in __init__
    self.envs = [_patch_env(fn()) for fn in env_fns]
  File "/home/xi/anaconda3/envs/franky-sami/lib/python3.10/site-packages/stable_baselines3/common/vec_env/dummy_vec_env.py", line 31, in <listcomp>
    self.envs = [_patch_env(fn()) for fn in env_fns]
  File "/home/xi/yxh_space/SaMI/SaMI/envs/utils/make_env.py", line 20, in _init
    env = gymnasium.make(f'PandaPush-v3',
  File "/home/xi/anaconda3/envs/franky-sami/lib/python3.10/site-packages/gymnasium/envs/registration.py", line 814, in make
    raise type(e)(
TypeError: Can't instantiate abstract class PushWrapper with abstract method _sample_object was raised from the environment creator for PandaPush-v3 with kwargs ({'reward_type': 'dense', 'control_type': 'ee', 'object_height': 1.0, 'causal_dim': 6, 'causal_hidden_dim': 128})
{'model_parameters': {'method': 'SaSAC', 'adversarial_loss_coef': 0.01, 'batch_size': 256, 'contrast_batch_size': 256, 'contrast_buffer_type': 'fine_grained', 'contrast_training_interval': 1, 'time_step': 5000000, 'causal_dim': 6, 'causal_hidden_dim': 128, 'buffer_size': 1000, 'use_weighted_info_nce': False, 'use_reward_norm': False, 'learning_rate': 0.001, 'train_freq': 128, 'gradient_steps': 16, 'encoder_tau': 0.05, 'neg_radio': 0.5, 'env_name': 'PandaPush-v3', 'env_hook': 'PandaHook', 'train_envs': '[(0, 1), (0, 5), (1, 1),(1, 5),(1, 10),(1, 2),(1, 3), (1, 1)]', 'test_envs': '[(0, 10), (1, 10), (10, 10), (30, 10)]', 'use_continue_train': False, 'save_video': False, 'seed': 100, 'config_path': '', 'test_eps_num_per_env': 50, 'use_wandb': False, 'wandb_project_name': 'skill-aware-rl', 'wandb_team_name': 'skill-aware-rl'}, 'save_path': '/home/xi/yxh_space/SaMI/SaMI/output', 'sub_save_path': '/home/xi/yxh_space/SaMI/SaMI/output/2025-04-15-11:23:48-180151', 'save_model_path': '/home/xi/yxh_space/SaMI/SaMI/output/2025-04-15-11:23:48-180151/model.zip', 'log_path': '/home/xi/yxh_space/SaMI/SaMI/output/2025-04-15-11:23:48-180151/log.txt', 'code_path': '/home/xi/yxh_space/SaMI/SaMI/output/2025-04-15-11:23:48-180151/code.zip', 'config_path': '/home/xi/yxh_space/SaMI/SaMI/output/2025-04-15-11:23:48-180151/config.yaml', 'test_path': '/home/xi/yxh_space/SaMI/SaMI/output/2025-04-15-11:23:48-180151/test_result.yaml', 'test_tsne_path': '/home/xi/yxh_space/SaMI/SaMI/output/2025-04-15-11:23:48-180151/tsne.jpg', 'test_table_path': '/home/xi/yxh_space/SaMI/SaMI/output/2025-04-15-11:23:48-180151/tables', 'test_image_path': '/home/xi/yxh_space/SaMI/SaMI/output/2025-04-15-11:23:48-180151/images', 'test_video_path': '/home/xi/yxh_space/SaMI/SaMI/output/2025-04-15-11:23:48-180151/videos'}
argv[0]=--background_color_red=0.8745098114013672
argv[1]=--background_color_green=0.21176470816135406
argv[2]=--background_color_blue=0.1764705926179886
Traceback (most recent call last):
  File "/home/xi/anaconda3/envs/franky-sami/lib/python3.10/site-packages/gymnasium/envs/registration.py", line 802, in make
    env = env_creator(**env_spec_kwargs)
  File "/home/xi/yxh_space/SaMI/SaMI/envs/PandaPush.py", line 75, in __init__
    task = PushWrapper(sim, reward_type=reward_type,object_height=object_height,goal_z_range=0.0)
TypeError: Can't instantiate abstract class PushWrapper with abstract method _sample_object

During handling of the above exception, another exception occurred:

Traceback (most recent call last):
  File "/home/xi/yxh_space/SaMI/SaMI/configs/../main.py", line 68, in <module>
    raise e
  File "/home/xi/yxh_space/SaMI/SaMI/configs/../main.py", line 43, in <module>
    train_env = DummyVecEnv(envs)
  File "/home/xi/anaconda3/envs/franky-sami/lib/python3.10/site-packages/stable_baselines3/common/vec_env/dummy_vec_env.py", line 31, in __init__
    self.envs = [_patch_env(fn()) for fn in env_fns]
  File "/home/xi/anaconda3/envs/franky-sami/lib/python3.10/site-packages/stable_baselines3/common/vec_env/dummy_vec_env.py", line 31, in <listcomp>
    self.envs = [_patch_env(fn()) for fn in env_fns]
  File "/home/xi/yxh_space/SaMI/SaMI/envs/utils/make_env.py", line 20, in _init
    env = gymnasium.make(f'PandaPush-v3',
  File "/home/xi/anaconda3/envs/franky-sami/lib/python3.10/site-packages/gymnasium/envs/registration.py", line 814, in make
    raise type(e)(
TypeError: Can't instantiate abstract class PushWrapper with abstract method _sample_object was raised from the environment creator for PandaPush-v3 with kwargs ({'reward_type': 'dense', 'control_type': 'ee', 'object_height': 1.0, 'causal_dim': 6, 'causal_hidden_dim': 128})
pybullet build time: Jan 29 2025 23:16:28
/home/xi/anaconda3/envs/franky-sami/lib/python3.10/site-packages/gymnasium/envs/registration.py:694: UserWarning: [33mWARN: Overriding environment PandaPush-v3 already in registry.[0m
  logger.warn(f"Overriding environment {new_spec.id} already in registry.")
/home/xi/anaconda3/envs/franky-sami/lib/python3.10/site-packages/gymnasium/envs/registration.py:694: UserWarning: [33mWARN: Overriding environment PandaPickAndPlace-v3 already in registry.[0m
  logger.warn(f"Overriding environment {new_spec.id} already in registry.")
pybullet build time: Jan 29 2025 23:16:28
pybullet build time: Jan 29 2025 23:16:28
pybullet build time: Jan 29 2025 23:16:28
/home/xi/anaconda3/envs/franky-sami/lib/python3.10/site-packages/gymnasium/envs/registration.py:694: UserWarning: [33mWARN: Overriding environment PandaPush-v3 already in registry.[0m
  logger.warn(f"Overriding environment {new_spec.id} already in registry.")
/home/xi/anaconda3/envs/franky-sami/lib/python3.10/site-packages/gymnasium/envs/registration.py:694: UserWarning: [33mWARN: Overriding environment PandaPickAndPlace-v3 already in registry.[0m
  logger.warn(f"Overriding environment {new_spec.id} already in registry.")
/home/xi/anaconda3/envs/franky-sami/lib/python3.10/site-packages/gymnasium/envs/registration.py:694: UserWarning: [33mWARN: Overriding environment PandaPush-v3 already in registry.[0m
  logger.warn(f"Overriding environment {new_spec.id} already in registry.")
/home/xi/anaconda3/envs/franky-sami/lib/python3.10/site-packages/gymnasium/envs/registration.py:694: UserWarning: [33mWARN: Overriding environment PandaPickAndPlace-v3 already in registry.[0m
  logger.warn(f"Overriding environment {new_spec.id} already in registry.")
/home/xi/anaconda3/envs/franky-sami/lib/python3.10/site-packages/gymnasium/envs/registration.py:694: UserWarning: [33mWARN: Overriding environment PandaPush-v3 already in registry.[0m
  logger.warn(f"Overriding environment {new_spec.id} already in registry.")
/home/xi/anaconda3/envs/franky-sami/lib/python3.10/site-packages/gymnasium/envs/registration.py:694: UserWarning: [33mWARN: Overriding environment PandaPickAndPlace-v3 already in registry.[0m
  logger.warn(f"Overriding environment {new_spec.id} already in registry.")
/home/xi/anaconda3/envs/franky-sami/lib/python3.10/site-packages/gymnasium/core.py:311: UserWarning: [33mWARN: env.task to get variables from other wrappers is deprecated and will be removed in v1.0, to get this variable you can do `env.unwrapped.task` for environment variables or `env.get_wrapper_attr('task')` that will search the reminding wrappers.[0m
  logger.warn(
/home/xi/anaconda3/envs/franky-sami/lib/python3.10/site-packages/gymnasium/core.py:311: UserWarning: [33mWARN: env.set_obs_friction_mass to get variables from other wrappers is deprecated and will be removed in v1.0, to get this variable you can do `env.unwrapped.set_obs_friction_mass` for environment variables or `env.get_wrapper_attr('set_obs_friction_mass')` that will search the reminding wrappers.[0m
  logger.warn(
/home/xi/anaconda3/envs/franky-sami/lib/python3.10/site-packages/gymnasium/utils/passive_env_checker.py:135: UserWarning: [33mWARN: The obs returned by the `reset()` method was expecting numpy array dtype to be float32, actual type: float64[0m
  logger.warn(
/home/xi/anaconda3/envs/franky-sami/lib/python3.10/site-packages/gymnasium/utils/passive_env_checker.py:159: UserWarning: [33mWARN: The obs returned by the `reset()` method is not within the observation space.[0m
  logger.warn(f"{pre} is not within the observation space.")
/home/xi/anaconda3/envs/franky-sami/lib/python3.10/site-packages/gymnasium/core.py:311: UserWarning: [33mWARN: env.task to get variables from other wrappers is deprecated and will be removed in v1.0, to get this variable you can do `env.unwrapped.task` for environment variables or `env.get_wrapper_attr('task')` that will search the reminding wrappers.[0m
  logger.warn(
/home/xi/anaconda3/envs/franky-sami/lib/python3.10/site-packages/gymnasium/core.py:311: UserWarning: [33mWARN: env.set_obs_friction_mass to get variables from other wrappers is deprecated and will be removed in v1.0, to get this variable you can do `env.unwrapped.set_obs_friction_mass` for environment variables or `env.get_wrapper_attr('set_obs_friction_mass')` that will search the reminding wrappers.[0m
  logger.warn(
/home/xi/anaconda3/envs/franky-sami/lib/python3.10/site-packages/gymnasium/utils/passive_env_checker.py:135: UserWarning: [33mWARN: The obs returned by the `reset()` method was expecting numpy array dtype to be float32, actual type: float64[0m
  logger.warn(
/home/xi/anaconda3/envs/franky-sami/lib/python3.10/site-packages/gymnasium/utils/passive_env_checker.py:159: UserWarning: [33mWARN: The obs returned by the `reset()` method is not within the observation space.[0m
  logger.warn(f"{pre} is not within the observation space.")
/home/xi/anaconda3/envs/franky-sami/lib/python3.10/site-packages/gymnasium/core.py:311: UserWarning: [33mWARN: env.task to get variables from other wrappers is deprecated and will be removed in v1.0, to get this variable you can do `env.unwrapped.task` for environment variables or `env.get_wrapper_attr('task')` that will search the reminding wrappers.[0m
  logger.warn(
/home/xi/anaconda3/envs/franky-sami/lib/python3.10/site-packages/gymnasium/core.py:311: UserWarning: [33mWARN: env.set_obs_friction_mass to get variables from other wrappers is deprecated and will be removed in v1.0, to get this variable you can do `env.unwrapped.set_obs_friction_mass` for environment variables or `env.get_wrapper_attr('set_obs_friction_mass')` that will search the reminding wrappers.[0m
  logger.warn(
/home/xi/anaconda3/envs/franky-sami/lib/python3.10/site-packages/gymnasium/utils/passive_env_checker.py:135: UserWarning: [33mWARN: The obs returned by the `reset()` method was expecting numpy array dtype to be float32, actual type: float64[0m
  logger.warn(
/home/xi/anaconda3/envs/franky-sami/lib/python3.10/site-packages/gymnasium/utils/passive_env_checker.py:159: UserWarning: [33mWARN: The obs returned by the `reset()` method is not within the observation space.[0m
  logger.warn(f"{pre} is not within the observation space.")
/home/xi/anaconda3/envs/franky-sami/lib/python3.10/site-packages/gymnasium/core.py:311: UserWarning: [33mWARN: env.task to get variables from other wrappers is deprecated and will be removed in v1.0, to get this variable you can do `env.unwrapped.task` for environment variables or `env.get_wrapper_attr('task')` that will search the reminding wrappers.[0m
  logger.warn(
/home/xi/anaconda3/envs/franky-sami/lib/python3.10/site-packages/gymnasium/core.py:311: UserWarning: [33mWARN: env.set_obs_friction_mass to get variables from other wrappers is deprecated and will be removed in v1.0, to get this variable you can do `env.unwrapped.set_obs_friction_mass` for environment variables or `env.get_wrapper_attr('set_obs_friction_mass')` that will search the reminding wrappers.[0m
  logger.warn(
/home/xi/anaconda3/envs/franky-sami/lib/python3.10/site-packages/gymnasium/utils/passive_env_checker.py:135: UserWarning: [33mWARN: The obs returned by the `reset()` method was expecting numpy array dtype to be float32, actual type: float64[0m
  logger.warn(
/home/xi/anaconda3/envs/franky-sami/lib/python3.10/site-packages/gymnasium/utils/passive_env_checker.py:159: UserWarning: [33mWARN: The obs returned by the `reset()` method is not within the observation space.[0m
  logger.warn(f"{pre} is not within the observation space.")
/home/xi/anaconda3/envs/franky-sami/lib/python3.10/site-packages/gymnasium/utils/passive_env_checker.py:135: UserWarning: [33mWARN: The obs returned by the `step()` method was expecting numpy array dtype to be float32, actual type: float64[0m
  logger.warn(
/home/xi/anaconda3/envs/franky-sami/lib/python3.10/site-packages/gymnasium/utils/passive_env_checker.py:159: UserWarning: [33mWARN: The obs returned by the `step()` method is not within the observation space.[0m
  logger.warn(f"{pre} is not within the observation space.")
/home/xi/anaconda3/envs/franky-sami/lib/python3.10/site-packages/gymnasium/utils/passive_env_checker.py:135: UserWarning: [33mWARN: The obs returned by the `step()` method was expecting numpy array dtype to be float32, actual type: float64[0m
  logger.warn(
/home/xi/anaconda3/envs/franky-sami/lib/python3.10/site-packages/gymnasium/utils/passive_env_checker.py:159: UserWarning: [33mWARN: The obs returned by the `step()` method is not within the observation space.[0m
  logger.warn(f"{pre} is not within the observation space.")
/home/xi/anaconda3/envs/franky-sami/lib/python3.10/site-packages/gymnasium/utils/passive_env_checker.py:135: UserWarning: [33mWARN: The obs returned by the `step()` method was expecting numpy array dtype to be float32, actual type: float64[0m
  logger.warn(
/home/xi/anaconda3/envs/franky-sami/lib/python3.10/site-packages/gymnasium/utils/passive_env_checker.py:159: UserWarning: [33mWARN: The obs returned by the `step()` method is not within the observation space.[0m
  logger.warn(f"{pre} is not within the observation space.")
/home/xi/anaconda3/envs/franky-sami/lib/python3.10/site-packages/gymnasium/utils/passive_env_checker.py:135: UserWarning: [33mWARN: The obs returned by the `step()` method was expecting numpy array dtype to be float32, actual type: float64[0m
  logger.warn(
/home/xi/anaconda3/envs/franky-sami/lib/python3.10/site-packages/gymnasium/utils/passive_env_checker.py:159: UserWarning: [33mWARN: The obs returned by the `step()` method is not within the observation space.[0m
  logger.warn(f"{pre} is not within the observation space.")
pybullet build time: Jan 29 2025 23:16:28
/home/xi/anaconda3/envs/franky-sami/lib/python3.10/site-packages/gymnasium/envs/registration.py:694: UserWarning: [33mWARN: Overriding environment PandaPush-v3 already in registry.[0m
  logger.warn(f"Overriding environment {new_spec.id} already in registry.")
/home/xi/anaconda3/envs/franky-sami/lib/python3.10/site-packages/gymnasium/envs/registration.py:694: UserWarning: [33mWARN: Overriding environment PandaPickAndPlace-v3 already in registry.[0m
  logger.warn(f"Overriding environment {new_spec.id} already in registry.")
pybullet build time: Jan 29 2025 23:16:28
/home/xi/anaconda3/envs/franky-sami/lib/python3.10/site-packages/gymnasium/envs/registration.py:694: UserWarning: [33mWARN: Overriding environment PandaPush-v3 already in registry.[0m
  logger.warn(f"Overriding environment {new_spec.id} already in registry.")
/home/xi/anaconda3/envs/franky-sami/lib/python3.10/site-packages/gymnasium/envs/registration.py:694: UserWarning: [33mWARN: Overriding environment PandaPickAndPlace-v3 already in registry.[0m
  logger.warn(f"Overriding environment {new_spec.id} already in registry.")
/home/xi/anaconda3/envs/franky-sami/lib/python3.10/site-packages/gymnasium/core.py:311: UserWarning: [33mWARN: env.task to get variables from other wrappers is deprecated and will be removed in v1.0, to get this variable you can do `env.unwrapped.task` for environment variables or `env.get_wrapper_attr('task')` that will search the reminding wrappers.[0m
  logger.warn(
/home/xi/anaconda3/envs/franky-sami/lib/python3.10/site-packages/gymnasium/core.py:311: UserWarning: [33mWARN: env.set_obs_friction_mass to get variables from other wrappers is deprecated and will be removed in v1.0, to get this variable you can do `env.unwrapped.set_obs_friction_mass` for environment variables or `env.get_wrapper_attr('set_obs_friction_mass')` that will search the reminding wrappers.[0m
  logger.warn(
/home/xi/anaconda3/envs/franky-sami/lib/python3.10/site-packages/gymnasium/utils/passive_env_checker.py:135: UserWarning: [33mWARN: The obs returned by the `reset()` method was expecting numpy array dtype to be float32, actual type: float64[0m
  logger.warn(
/home/xi/anaconda3/envs/franky-sami/lib/python3.10/site-packages/gymnasium/utils/passive_env_checker.py:159: UserWarning: [33mWARN: The obs returned by the `reset()` method is not within the observation space.[0m
  logger.warn(f"{pre} is not within the observation space.")
/home/xi/anaconda3/envs/franky-sami/lib/python3.10/site-packages/gymnasium/core.py:311: UserWarning: [33mWARN: env.task to get variables from other wrappers is deprecated and will be removed in v1.0, to get this variable you can do `env.unwrapped.task` for environment variables or `env.get_wrapper_attr('task')` that will search the reminding wrappers.[0m
  logger.warn(
/home/xi/anaconda3/envs/franky-sami/lib/python3.10/site-packages/gymnasium/core.py:311: UserWarning: [33mWARN: env.set_obs_friction_mass to get variables from other wrappers is deprecated and will be removed in v1.0, to get this variable you can do `env.unwrapped.set_obs_friction_mass` for environment variables or `env.get_wrapper_attr('set_obs_friction_mass')` that will search the reminding wrappers.[0m
  logger.warn(
/home/xi/anaconda3/envs/franky-sami/lib/python3.10/site-packages/gymnasium/utils/passive_env_checker.py:135: UserWarning: [33mWARN: The obs returned by the `reset()` method was expecting numpy array dtype to be float32, actual type: float64[0m
  logger.warn(
/home/xi/anaconda3/envs/franky-sami/lib/python3.10/site-packages/gymnasium/utils/passive_env_checker.py:159: UserWarning: [33mWARN: The obs returned by the `reset()` method is not within the observation space.[0m
  logger.warn(f"{pre} is not within the observation space.")
/home/xi/anaconda3/envs/franky-sami/lib/python3.10/site-packages/gymnasium/utils/passive_env_checker.py:135: UserWarning: [33mWARN: The obs returned by the `step()` method was expecting numpy array dtype to be float32, actual type: float64[0m
  logger.warn(
/home/xi/anaconda3/envs/franky-sami/lib/python3.10/site-packages/gymnasium/utils/passive_env_checker.py:159: UserWarning: [33mWARN: The obs returned by the `step()` method is not within the observation space.[0m
  logger.warn(f"{pre} is not within the observation space.")
/home/xi/anaconda3/envs/franky-sami/lib/python3.10/site-packages/gymnasium/utils/passive_env_checker.py:135: UserWarning: [33mWARN: The obs returned by the `step()` method was expecting numpy array dtype to be float32, actual type: float64[0m
  logger.warn(
/home/xi/anaconda3/envs/franky-sami/lib/python3.10/site-packages/gymnasium/utils/passive_env_checker.py:159: UserWarning: [33mWARN: The obs returned by the `step()` method is not within the observation space.[0m
  logger.warn(f"{pre} is not within the observation space.")
pybullet build time: Jan 29 2025 23:16:28
/home/xi/anaconda3/envs/franky-sami/lib/python3.10/site-packages/gymnasium/envs/registration.py:694: UserWarning: [33mWARN: Overriding environment PandaPush-v3 already in registry.[0m
  logger.warn(f"Overriding environment {new_spec.id} already in registry.")
/home/xi/anaconda3/envs/franky-sami/lib/python3.10/site-packages/gymnasium/envs/registration.py:694: UserWarning: [33mWARN: Overriding environment PandaPickAndPlace-v3 already in registry.[0m
  logger.warn(f"Overriding environment {new_spec.id} already in registry.")
pybullet build time: Jan 29 2025 23:16:28
/home/xi/anaconda3/envs/franky-sami/lib/python3.10/site-packages/gymnasium/envs/registration.py:694: UserWarning: [33mWARN: Overriding environment PandaPush-v3 already in registry.[0m
  logger.warn(f"Overriding environment {new_spec.id} already in registry.")
/home/xi/anaconda3/envs/franky-sami/lib/python3.10/site-packages/gymnasium/envs/registration.py:694: UserWarning: [33mWARN: Overriding environment PandaPickAndPlace-v3 already in registry.[0m
  logger.warn(f"Overriding environment {new_spec.id} already in registry.")
/home/xi/anaconda3/envs/franky-sami/lib/python3.10/site-packages/gymnasium/core.py:311: UserWarning: [33mWARN: env.task to get variables from other wrappers is deprecated and will be removed in v1.0, to get this variable you can do `env.unwrapped.task` for environment variables or `env.get_wrapper_attr('task')` that will search the reminding wrappers.[0m
  logger.warn(
/home/xi/anaconda3/envs/franky-sami/lib/python3.10/site-packages/gymnasium/core.py:311: UserWarning: [33mWARN: env.set_obs_friction_mass to get variables from other wrappers is deprecated and will be removed in v1.0, to get this variable you can do `env.unwrapped.set_obs_friction_mass` for environment variables or `env.get_wrapper_attr('set_obs_friction_mass')` that will search the reminding wrappers.[0m
  logger.warn(
/home/xi/anaconda3/envs/franky-sami/lib/python3.10/site-packages/gymnasium/utils/passive_env_checker.py:135: UserWarning: [33mWARN: The obs returned by the `reset()` method was expecting numpy array dtype to be float32, actual type: float64[0m
  logger.warn(
/home/xi/anaconda3/envs/franky-sami/lib/python3.10/site-packages/gymnasium/utils/passive_env_checker.py:159: UserWarning: [33mWARN: The obs returned by the `reset()` method is not within the observation space.[0m
  logger.warn(f"{pre} is not within the observation space.")
/home/xi/anaconda3/envs/franky-sami/lib/python3.10/site-packages/gymnasium/core.py:311: UserWarning: [33mWARN: env.task to get variables from other wrappers is deprecated and will be removed in v1.0, to get this variable you can do `env.unwrapped.task` for environment variables or `env.get_wrapper_attr('task')` that will search the reminding wrappers.[0m
  logger.warn(
/home/xi/anaconda3/envs/franky-sami/lib/python3.10/site-packages/gymnasium/core.py:311: UserWarning: [33mWARN: env.set_obs_friction_mass to get variables from other wrappers is deprecated and will be removed in v1.0, to get this variable you can do `env.unwrapped.set_obs_friction_mass` for environment variables or `env.get_wrapper_attr('set_obs_friction_mass')` that will search the reminding wrappers.[0m
  logger.warn(
/home/xi/anaconda3/envs/franky-sami/lib/python3.10/site-packages/gymnasium/utils/passive_env_checker.py:135: UserWarning: [33mWARN: The obs returned by the `reset()` method was expecting numpy array dtype to be float32, actual type: float64[0m
  logger.warn(
/home/xi/anaconda3/envs/franky-sami/lib/python3.10/site-packages/gymnasium/utils/passive_env_checker.py:159: UserWarning: [33mWARN: The obs returned by the `reset()` method is not within the observation space.[0m
  logger.warn(f"{pre} is not within the observation space.")
/home/xi/anaconda3/envs/franky-sami/lib/python3.10/site-packages/gymnasium/utils/passive_env_checker.py:135: UserWarning: [33mWARN: The obs returned by the `step()` method was expecting numpy array dtype to be float32, actual type: float64[0m
  logger.warn(
/home/xi/anaconda3/envs/franky-sami/lib/python3.10/site-packages/gymnasium/utils/passive_env_checker.py:159: UserWarning: [33mWARN: The obs returned by the `step()` method is not within the observation space.[0m
  logger.warn(f"{pre} is not within the observation space.")
/home/xi/anaconda3/envs/franky-sami/lib/python3.10/site-packages/gymnasium/utils/passive_env_checker.py:135: UserWarning: [33mWARN: The obs returned by the `step()` method was expecting numpy array dtype to be float32, actual type: float64[0m
  logger.warn(
/home/xi/anaconda3/envs/franky-sami/lib/python3.10/site-packages/gymnasium/utils/passive_env_checker.py:159: UserWarning: [33mWARN: The obs returned by the `step()` method is not within the observation space.[0m
  logger.warn(f"{pre} is not within the observation space.")
pybullet build time: Jan 29 2025 23:16:28
pybullet build time: Jan 29 2025 23:16:28
/home/xi/anaconda3/envs/franky-sami/lib/python3.10/site-packages/gymnasium/envs/registration.py:694: UserWarning: [33mWARN: Overriding environment PandaPush-v3 already in registry.[0m
  logger.warn(f"Overriding environment {new_spec.id} already in registry.")
/home/xi/anaconda3/envs/franky-sami/lib/python3.10/site-packages/gymnasium/envs/registration.py:694: UserWarning: [33mWARN: Overriding environment PandaPush-v3 already in registry.[0m
  logger.warn(f"Overriding environment {new_spec.id} already in registry.")
/home/xi/anaconda3/envs/franky-sami/lib/python3.10/site-packages/gymnasium/envs/registration.py:694: UserWarning: [33mWARN: Overriding environment PandaPickAndPlace-v3 already in registry.[0m
  logger.warn(f"Overriding environment {new_spec.id} already in registry.")
/home/xi/anaconda3/envs/franky-sami/lib/python3.10/site-packages/gymnasium/envs/registration.py:694: UserWarning: [33mWARN: Overriding environment PandaPickAndPlace-v3 already in registry.[0m
  logger.warn(f"Overriding environment {new_spec.id} already in registry.")
/home/xi/anaconda3/envs/franky-sami/lib/python3.10/site-packages/gymnasium/core.py:311: UserWarning: [33mWARN: env.task to get variables from other wrappers is deprecated and will be removed in v1.0, to get this variable you can do `env.unwrapped.task` for environment variables or `env.get_wrapper_attr('task')` that will search the reminding wrappers.[0m
  logger.warn(
/home/xi/anaconda3/envs/franky-sami/lib/python3.10/site-packages/gymnasium/core.py:311: UserWarning: [33mWARN: env.set_obs_friction_mass to get variables from other wrappers is deprecated and will be removed in v1.0, to get this variable you can do `env.unwrapped.set_obs_friction_mass` for environment variables or `env.get_wrapper_attr('set_obs_friction_mass')` that will search the reminding wrappers.[0m
  logger.warn(
/home/xi/anaconda3/envs/franky-sami/lib/python3.10/site-packages/gymnasium/utils/passive_env_checker.py:135: UserWarning: [33mWARN: The obs returned by the `reset()` method was expecting numpy array dtype to be float32, actual type: float64[0m
  logger.warn(
/home/xi/anaconda3/envs/franky-sami/lib/python3.10/site-packages/gymnasium/utils/passive_env_checker.py:159: UserWarning: [33mWARN: The obs returned by the `reset()` method is not within the observation space.[0m
  logger.warn(f"{pre} is not within the observation space.")
/home/xi/anaconda3/envs/franky-sami/lib/python3.10/site-packages/gymnasium/core.py:311: UserWarning: [33mWARN: env.task to get variables from other wrappers is deprecated and will be removed in v1.0, to get this variable you can do `env.unwrapped.task` for environment variables or `env.get_wrapper_attr('task')` that will search the reminding wrappers.[0m
  logger.warn(
/home/xi/anaconda3/envs/franky-sami/lib/python3.10/site-packages/gymnasium/core.py:311: UserWarning: [33mWARN: env.set_obs_friction_mass to get variables from other wrappers is deprecated and will be removed in v1.0, to get this variable you can do `env.unwrapped.set_obs_friction_mass` for environment variables or `env.get_wrapper_attr('set_obs_friction_mass')` that will search the reminding wrappers.[0m
  logger.warn(
/home/xi/anaconda3/envs/franky-sami/lib/python3.10/site-packages/gymnasium/utils/passive_env_checker.py:135: UserWarning: [33mWARN: The obs returned by the `reset()` method was expecting numpy array dtype to be float32, actual type: float64[0m
  logger.warn(
/home/xi/anaconda3/envs/franky-sami/lib/python3.10/site-packages/gymnasium/utils/passive_env_checker.py:159: UserWarning: [33mWARN: The obs returned by the `reset()` method is not within the observation space.[0m
  logger.warn(f"{pre} is not within the observation space.")
/home/xi/anaconda3/envs/franky-sami/lib/python3.10/site-packages/gymnasium/utils/passive_env_checker.py:135: UserWarning: [33mWARN: The obs returned by the `step()` method was expecting numpy array dtype to be float32, actual type: float64[0m
  logger.warn(
/home/xi/anaconda3/envs/franky-sami/lib/python3.10/site-packages/gymnasium/utils/passive_env_checker.py:159: UserWarning: [33mWARN: The obs returned by the `step()` method is not within the observation space.[0m
  logger.warn(f"{pre} is not within the observation space.")
/home/xi/anaconda3/envs/franky-sami/lib/python3.10/site-packages/gymnasium/utils/passive_env_checker.py:135: UserWarning: [33mWARN: The obs returned by the `step()` method was expecting numpy array dtype to be float32, actual type: float64[0m
  logger.warn(
/home/xi/anaconda3/envs/franky-sami/lib/python3.10/site-packages/gymnasium/utils/passive_env_checker.py:159: UserWarning: [33mWARN: The obs returned by the `step()` method is not within the observation space.[0m
  logger.warn(f"{pre} is not within the observation space.")
pybullet build time: Jan 29 2025 23:16:28
/home/xi/anaconda3/envs/franky-sami/lib/python3.10/site-packages/gymnasium/envs/registration.py:694: UserWarning: [33mWARN: Overriding environment PandaPush-v3 already in registry.[0m
  logger.warn(f"Overriding environment {new_spec.id} already in registry.")
/home/xi/anaconda3/envs/franky-sami/lib/python3.10/site-packages/gymnasium/envs/registration.py:694: UserWarning: [33mWARN: Overriding environment PandaPickAndPlace-v3 already in registry.[0m
  logger.warn(f"Overriding environment {new_spec.id} already in registry.")
pybullet build time: Jan 29 2025 23:16:28
pybullet build time: Jan 29 2025 23:16:28
/home/xi/anaconda3/envs/franky-sami/lib/python3.10/site-packages/gymnasium/envs/registration.py:694: UserWarning: [33mWARN: Overriding environment PandaPush-v3 already in registry.[0m
  logger.warn(f"Overriding environment {new_spec.id} already in registry.")
/home/xi/anaconda3/envs/franky-sami/lib/python3.10/site-packages/gymnasium/envs/registration.py:694: UserWarning: [33mWARN: Overriding environment PandaPickAndPlace-v3 already in registry.[0m
  logger.warn(f"Overriding environment {new_spec.id} already in registry.")
pybullet build time: Jan 29 2025 23:16:28
/home/xi/anaconda3/envs/franky-sami/lib/python3.10/site-packages/gymnasium/envs/registration.py:694: UserWarning: [33mWARN: Overriding environment PandaPush-v3 already in registry.[0m
  logger.warn(f"Overriding environment {new_spec.id} already in registry.")
/home/xi/anaconda3/envs/franky-sami/lib/python3.10/site-packages/gymnasium/envs/registration.py:694: UserWarning: [33mWARN: Overriding environment PandaPickAndPlace-v3 already in registry.[0m
  logger.warn(f"Overriding environment {new_spec.id} already in registry.")
/home/xi/anaconda3/envs/franky-sami/lib/python3.10/site-packages/gymnasium/envs/registration.py:694: UserWarning: [33mWARN: Overriding environment PandaPush-v3 already in registry.[0m
  logger.warn(f"Overriding environment {new_spec.id} already in registry.")
/home/xi/anaconda3/envs/franky-sami/lib/python3.10/site-packages/gymnasium/envs/registration.py:694: UserWarning: [33mWARN: Overriding environment PandaPickAndPlace-v3 already in registry.[0m
  logger.warn(f"Overriding environment {new_spec.id} already in registry.")
/home/xi/anaconda3/envs/franky-sami/lib/python3.10/site-packages/gymnasium/core.py:311: UserWarning: [33mWARN: env.task to get variables from other wrappers is deprecated and will be removed in v1.0, to get this variable you can do `env.unwrapped.task` for environment variables or `env.get_wrapper_attr('task')` that will search the reminding wrappers.[0m
  logger.warn(
/home/xi/anaconda3/envs/franky-sami/lib/python3.10/site-packages/gymnasium/core.py:311: UserWarning: [33mWARN: env.set_obs_friction_mass to get variables from other wrappers is deprecated and will be removed in v1.0, to get this variable you can do `env.unwrapped.set_obs_friction_mass` for environment variables or `env.get_wrapper_attr('set_obs_friction_mass')` that will search the reminding wrappers.[0m
  logger.warn(
/home/xi/anaconda3/envs/franky-sami/lib/python3.10/site-packages/gymnasium/utils/passive_env_checker.py:135: UserWarning: [33mWARN: The obs returned by the `reset()` method was expecting numpy array dtype to be float32, actual type: float64[0m
  logger.warn(
/home/xi/anaconda3/envs/franky-sami/lib/python3.10/site-packages/gymnasium/utils/passive_env_checker.py:159: UserWarning: [33mWARN: The obs returned by the `reset()` method is not within the observation space.[0m
  logger.warn(f"{pre} is not within the observation space.")
/home/xi/anaconda3/envs/franky-sami/lib/python3.10/site-packages/gymnasium/core.py:311: UserWarning: [33mWARN: env.task to get variables from other wrappers is deprecated and will be removed in v1.0, to get this variable you can do `env.unwrapped.task` for environment variables or `env.get_wrapper_attr('task')` that will search the reminding wrappers.[0m
  logger.warn(
/home/xi/anaconda3/envs/franky-sami/lib/python3.10/site-packages/gymnasium/core.py:311: UserWarning: [33mWARN: env.set_obs_friction_mass to get variables from other wrappers is deprecated and will be removed in v1.0, to get this variable you can do `env.unwrapped.set_obs_friction_mass` for environment variables or `env.get_wrapper_attr('set_obs_friction_mass')` that will search the reminding wrappers.[0m
  logger.warn(
/home/xi/anaconda3/envs/franky-sami/lib/python3.10/site-packages/gymnasium/utils/passive_env_checker.py:135: UserWarning: [33mWARN: The obs returned by the `reset()` method was expecting numpy array dtype to be float32, actual type: float64[0m
  logger.warn(
/home/xi/anaconda3/envs/franky-sami/lib/python3.10/site-packages/gymnasium/utils/passive_env_checker.py:159: UserWarning: [33mWARN: The obs returned by the `reset()` method is not within the observation space.[0m
  logger.warn(f"{pre} is not within the observation space.")
/home/xi/anaconda3/envs/franky-sami/lib/python3.10/site-packages/gymnasium/core.py:311: UserWarning: [33mWARN: env.task to get variables from other wrappers is deprecated and will be removed in v1.0, to get this variable you can do `env.unwrapped.task` for environment variables or `env.get_wrapper_attr('task')` that will search the reminding wrappers.[0m
  logger.warn(
/home/xi/anaconda3/envs/franky-sami/lib/python3.10/site-packages/gymnasium/core.py:311: UserWarning: [33mWARN: env.set_obs_friction_mass to get variables from other wrappers is deprecated and will be removed in v1.0, to get this variable you can do `env.unwrapped.set_obs_friction_mass` for environment variables or `env.get_wrapper_attr('set_obs_friction_mass')` that will search the reminding wrappers.[0m
  logger.warn(
/home/xi/anaconda3/envs/franky-sami/lib/python3.10/site-packages/gymnasium/utils/passive_env_checker.py:135: UserWarning: [33mWARN: The obs returned by the `reset()` method was expecting numpy array dtype to be float32, actual type: float64[0m
  logger.warn(
/home/xi/anaconda3/envs/franky-sami/lib/python3.10/site-packages/gymnasium/utils/passive_env_checker.py:159: UserWarning: [33mWARN: The obs returned by the `reset()` method is not within the observation space.[0m
  logger.warn(f"{pre} is not within the observation space.")
/home/xi/anaconda3/envs/franky-sami/lib/python3.10/site-packages/gymnasium/core.py:311: UserWarning: [33mWARN: env.task to get variables from other wrappers is deprecated and will be removed in v1.0, to get this variable you can do `env.unwrapped.task` for environment variables or `env.get_wrapper_attr('task')` that will search the reminding wrappers.[0m
  logger.warn(
/home/xi/anaconda3/envs/franky-sami/lib/python3.10/site-packages/gymnasium/core.py:311: UserWarning: [33mWARN: env.set_obs_friction_mass to get variables from other wrappers is deprecated and will be removed in v1.0, to get this variable you can do `env.unwrapped.set_obs_friction_mass` for environment variables or `env.get_wrapper_attr('set_obs_friction_mass')` that will search the reminding wrappers.[0m
  logger.warn(
/home/xi/anaconda3/envs/franky-sami/lib/python3.10/site-packages/gymnasium/utils/passive_env_checker.py:135: UserWarning: [33mWARN: The obs returned by the `reset()` method was expecting numpy array dtype to be float32, actual type: float64[0m
  logger.warn(
/home/xi/anaconda3/envs/franky-sami/lib/python3.10/site-packages/gymnasium/utils/passive_env_checker.py:159: UserWarning: [33mWARN: The obs returned by the `reset()` method is not within the observation space.[0m
  logger.warn(f"{pre} is not within the observation space.")
/home/xi/anaconda3/envs/franky-sami/lib/python3.10/site-packages/gymnasium/utils/passive_env_checker.py:135: UserWarning: [33mWARN: The obs returned by the `step()` method was expecting numpy array dtype to be float32, actual type: float64[0m
  logger.warn(
/home/xi/anaconda3/envs/franky-sami/lib/python3.10/site-packages/gymnasium/utils/passive_env_checker.py:159: UserWarning: [33mWARN: The obs returned by the `step()` method is not within the observation space.[0m
  logger.warn(f"{pre} is not within the observation space.")
/home/xi/anaconda3/envs/franky-sami/lib/python3.10/site-packages/gymnasium/utils/passive_env_checker.py:135: UserWarning: [33mWARN: The obs returned by the `step()` method was expecting numpy array dtype to be float32, actual type: float64[0m
  logger.warn(
/home/xi/anaconda3/envs/franky-sami/lib/python3.10/site-packages/gymnasium/utils/passive_env_checker.py:159: UserWarning: [33mWARN: The obs returned by the `step()` method is not within the observation space.[0m
  logger.warn(f"{pre} is not within the observation space.")
/home/xi/anaconda3/envs/franky-sami/lib/python3.10/site-packages/gymnasium/utils/passive_env_checker.py:135: UserWarning: [33mWARN: The obs returned by the `step()` method was expecting numpy array dtype to be float32, actual type: float64[0m
  logger.warn(
/home/xi/anaconda3/envs/franky-sami/lib/python3.10/site-packages/gymnasium/utils/passive_env_checker.py:159: UserWarning: [33mWARN: The obs returned by the `step()` method is not within the observation space.[0m
  logger.warn(f"{pre} is not within the observation space.")
/home/xi/anaconda3/envs/franky-sami/lib/python3.10/site-packages/gymnasium/utils/passive_env_checker.py:135: UserWarning: [33mWARN: The obs returned by the `step()` method was expecting numpy array dtype to be float32, actual type: float64[0m
  logger.warn(
/home/xi/anaconda3/envs/franky-sami/lib/python3.10/site-packages/gymnasium/utils/passive_env_checker.py:159: UserWarning: [33mWARN: The obs returned by the `step()` method is not within the observation space.[0m
  logger.warn(f"{pre} is not within the observation space.")
